[1/50] LIN-01 FAIL root=True cov=1.0 dur=74.5s
[2/50] LIN-02 FAIL root=False cov=0.5 dur=58.7s
[3/50] LIN-03 FAIL root=True cov=1.0 dur=186.7s
[4/50] LIN-04 FAIL root=False cov=0.0 dur=48.8s
[5/50] LIN-05 FAIL root=False cov=0.0 dur=46.1s
[6/50] NET-01 FAIL root=True cov=0.5 dur=103.3s
[7/50] NET-02 FAIL root=True cov=0.0 dur=111.2s
[8/50] NET-03 FAIL root=False cov=0.0 dur=90.5s
[9/50] NET-04 FAIL root=True cov=1.0 dur=134.5s
[10/50] NET-05 FAIL root=False cov=0.0 dur=74.7s
[11/50] K8S-01 FAIL root=True cov=1.0 dur=112.6s
[12/50] K8S-02 PASS root=True cov=1.0 dur=83.9s
[13/50] K8S-03 FAIL root=False cov=0.0 dur=50.4s
[14/50] K8S-04 FAIL root=True cov=1.0 dur=64.9s
[15/50] K8S-05 FAIL root=False cov=0.0 dur=49.5s
[16/50] K8S-06 FAIL root=True cov=0.0 dur=46.9s
[17/50] K8S-07 FAIL root=False cov=0.0 dur=38.9s
[18/50] K8S-08 FAIL root=False cov=0.0 dur=44.3s
[19/50] CON-01 FAIL root=True cov=0.0 dur=47.2s
[20/50] CON-02 PASS root=True cov=1.0 dur=62.8s
[21/50] CON-03 FAIL root=False cov=0.0 dur=47.8s
[22/50] CON-04 FAIL root=True cov=0.0 dur=43.6s
[23/50] STO-01 FAIL root=True cov=0.0 dur=58.5s
[24/50] STO-02 FAIL root=True cov=1.0 dur=73.7s
[25/50] STO-03 FAIL root=False cov=0.0 dur=60.3s
[26/50] STO-04 FAIL root=False cov=0.0 dur=69.8s
[27/50] STO-05 FAIL root=True cov=0.0 dur=60.9s
[28/50] STO-06 FAIL root=False cov=0.0 dur=52.6s
[29/50] VIR-01 FAIL root=True cov=1.0 dur=60.5s
[30/50] VIR-02 FAIL root=False cov=0.0 dur=60.2s
[31/50] VIR-03 FAIL root=False cov=0.5 dur=85.4s
[32/50] GIT-01 FAIL root=False cov=0.0 dur=46.1s
[33/50] GIT-02 FAIL root=False cov=0.0 dur=49.5s
[34/50] CI-01 FAIL root=False cov=0.0 dur=47.4s
[35/50] CI-02 FAIL root=False cov=0.0 dur=48.1s
[36/50] CI-03 FAIL root=False cov=0.0 dur=69.9s
[37/50] COD-01 FAIL root=False cov=0.0 dur=60.9s
[38/50] COD-02 FAIL root=True cov=0.0 dur=60.8s
[39/50] COD-03 FAIL root=True cov=0.0 dur=44.1s
[40/50] COD-04 FAIL root=False cov=0.0 dur=45.7s
[41/50] COD-05 FAIL root=True cov=0.0 dur=48.5s
[42/50] COD-06 FAIL root=True cov=0.0 dur=43.4s
[43/50] SEC-01 FAIL root=False cov=0.0 dur=83.5s
[44/50] SEC-02 FAIL root=True cov=0.0 dur=46.7s
[45/50] SEC-03 FAIL root=False cov=0.0 dur=60.0s
[46/50] SEC-04 FAIL root=True cov=0.0 dur=54.3s
[47/50] X-01 FAIL root=False cov=0.0 dur=48.4s
[48/50] X-02 FAIL root=False cov=0.0 dur=52.0s
[49/50] X-03 FAIL root=True cov=0.5 dur=59.5s
[50/50] X-04 FAIL root=False cov=0.0 dur=46.4s
=== ROUTED SUMMARY (50 scenarios) ===
TASK_SUCCESS=4.0% ROOT_CAUSE=46.0% EVIDENCE_DISCOVERY=22.0% SCHEMA=100.0%
