[1/50] LIN-01 FAIL root=True cov=1.0 dur=85.2s
[2/50] LIN-02 FAIL root=False cov=0.5 dur=72.8s
[3/50] LIN-03 FAIL root=True cov=1.0 dur=133.3s
[4/50] LIN-04 FAIL root=False cov=1.0 dur=94.6s
[5/50] LIN-05 FAIL root=True cov=1.0 dur=61.6s
[6/50] NET-01 FAIL root=True cov=1.0 dur=114.8s
[7/50] NET-02 FAIL root=True cov=0.0 dur=71.1s
[8/50] NET-03 FAIL root=False cov=0.0 dur=57.8s
[9/50] NET-04 FAIL root=True cov=1.0 dur=91.4s
[10/50] NET-05 FAIL root=False cov=0.0 dur=69.5s
[11/50] K8S-01 FAIL root=True cov=1.0 dur=81.0s
[12/50] K8S-02 PASS root=True cov=1.0 dur=62.8s
[13/50] K8S-03 FAIL root=False cov=0.0 dur=56.4s
[14/50] K8S-04 FAIL root=True cov=0.0 dur=53.8s
[15/50] K8S-05 FAIL root=False cov=0.0 dur=55.7s
[16/50] K8S-06 FAIL root=True cov=0.0 dur=61.0s
[17/50] K8S-07 FAIL root=False cov=0.0 dur=42.4s
[18/50] K8S-08 FAIL root=False cov=0.0 dur=45.8s
[19/50] CON-01 FAIL root=True cov=0.0 dur=61.4s
[20/50] CON-02 PASS root=True cov=1.0 dur=63.3s
[21/50] CON-03 FAIL root=False cov=0.0 dur=61.4s
[22/50] CON-04 FAIL root=True cov=1.0 dur=79.6s
[23/50] STO-01 FAIL root=True cov=0.0 dur=60.7s
[24/50] STO-02 FAIL root=True cov=1.0 dur=85.5s
[25/50] STO-03 FAIL root=False cov=0.0 dur=67.3s
[26/50] STO-04 FAIL root=False cov=0.0 dur=71.1s
[27/50] STO-05 FAIL root=True cov=0.0 dur=58.5s
[28/50] STO-06 FAIL root=False cov=0.0 dur=60.2s
[29/50] VIR-01 FAIL root=False cov=0.0 dur=58.8s
[30/50] VIR-02 FAIL root=False cov=0.0 dur=60.3s
[31/50] VIR-03 FAIL root=False cov=0.5 dur=90.3s
[32/50] GIT-01 FAIL root=False cov=0.0 dur=44.3s
[33/50] GIT-02 FAIL root=False cov=0.0 dur=43.2s
[34/50] CI-01 FAIL root=False cov=0.0 dur=47.6s
[35/50] CI-02 FAIL root=False cov=0.0 dur=48.4s
[36/50] CI-03 FAIL root=False cov=0.0 dur=70.5s
[37/50] COD-01 FAIL root=True cov=1.0 dur=103.6s
[38/50] COD-02 FAIL root=True cov=0.0 dur=61.3s
[39/50] COD-03 FAIL root=True cov=0.0 dur=44.7s
[40/50] COD-04 FAIL root=False cov=0.0 dur=58.1s
[41/50] COD-05 FAIL root=True cov=0.0 dur=51.7s
[42/50] COD-06 FAIL root=True cov=0.0 dur=58.8s
[43/50] SEC-01 FAIL root=False cov=0.0 dur=84.1s
[44/50] SEC-02 FAIL root=True cov=0.0 dur=55.4s
[45/50] SEC-03 FAIL root=False cov=0.0 dur=60.4s
[46/50] SEC-04 FAIL root=True cov=0.0 dur=55.0s
[47/50] X-01 FAIL root=False cov=0.0 dur=58.0s
[48/50] X-02 FAIL root=False cov=0.0 dur=57.2s
[49/50] X-03 FAIL root=True cov=0.5 dur=63.1s
[50/50] X-04 FAIL root=False cov=0.0 dur=56.1s
=== FULL SUMMARY (50 scenarios) ===
TASK_SUCCESS=4.0% ROOT_CAUSE=48.0% EVIDENCE_DISCOVERY=27.0% SCHEMA=100.0%
