===== full f0 START 2026-09-07T14:43:36Z =====
=== FULL F0 (router=p0): 50 scenarios ===
TASK_SUCCESS=2.0% ROOT_CAUSE=62.0% EVIDENCE_DISCOVERY=16.7% SCHEMA=100.0%
TOOL_PRECISION=6.9% TOOL_RECALL=16.7% TOOL_F1=9.8%
JSON_TOOL_ARGS=100.0% UNSAFE=0 HALL=0 DUP=5 REPLAN=50
===== full f0 END 2026-09-07T17:14:24Z exit=0 =====
===== full f1 START 2026-09-07T17:14:24Z =====
=== FULL F1 (router=p0): 50 scenarios ===
TASK_SUCCESS=2.0% ROOT_CAUSE=60.0% EVIDENCE_DISCOVERY=16.7% SCHEMA=90.0%
TOOL_PRECISION=6.9% TOOL_RECALL=16.7% TOOL_F1=9.8%
JSON_TOOL_ARGS=100.0% UNSAFE=0 HALL=0 DUP=5 REPLAN=50
===== full f1 END 2026-09-07T21:10:28Z exit=0 =====
===== routed f0 START 2026-09-07T21:10:28Z =====
=== ROUTED F0 (router=p0): 50 scenarios ===
TASK_SUCCESS=2.0% ROOT_CAUSE=62.0% EVIDENCE_DISCOVERY=19.3% SCHEMA=100.0%
TOOL_PRECISION=6.5% TOOL_RECALL=19.3% TOOL_F1=9.7%
JSON_TOOL_ARGS=100.0% UNSAFE=0 HALL=0 DUP=5 REPLAN=46
===== routed f0 END 2026-09-08T06:38:07Z exit=0 =====
===== routed f1 START 2026-09-08T06:38:07Z =====
=== ROUTED F1 (router=p0): 50 scenarios ===
TASK_SUCCESS=2.0% ROOT_CAUSE=62.0% EVIDENCE_DISCOVERY=19.3% SCHEMA=90.0%
TOOL_PRECISION=6.5% TOOL_RECALL=19.3% TOOL_F1=9.7%
JSON_TOOL_ARGS=100.0% UNSAFE=0 HALL=0 DUP=5 REPLAN=46
===== routed f1 END 2026-09-08T08:29:27Z exit=0 =====
===== ALL DONE 2026-09-08T08:29:27Z =====
