===== LONG-CONTEXT START 2026-09-08T08:30:21Z =====
[transformers] PyTorch was not found. Models won't be available and only tokenizers, configuration and file/data utilities can be used.
[LC-56K-01] target=56000 running...
  -> tokens=56066 root=False cov=0.0 FAIL begin/mid/end=True/True/True dur=2155.7s
[LC-56K-02] target=56000 running...
  -> tokens=56065 root=False cov=1.0 FAIL begin/mid/end=True/True/True dur=1723.8s
[LC-56K-03] target=56000 running...
  -> tokens=56062 root=False cov=0.0 FAIL begin/mid/end=True/True/True dur=2139.0s
[LC-56K-04] target=56000 running...
  -> tokens=56046 root=False cov=0.33 FAIL begin/mid/end=True/True/True dur=2140.7s
[LC-56K-05] target=56000 running...
  -> tokens=56058 root=False cov=0.0 FAIL begin/mid/end=True/True/True dur=2141.9s
[LC-58K-01] target=58000 running...
  -> tokens=58052 root=False cov=0.0 FAIL begin/mid/end=True/True/True dur=2272.2s
[LC-58K-02] target=58000 running...
  -> tokens=58057 root=False cov=0.0 FAIL begin/mid/end=True/True/True dur=2286.0s
[LC-58K-03] target=58000 running...
  -> tokens=58084 root=False cov=0.33 FAIL begin/mid/end=True/True/True dur=2295.5s
[LC-58K-04] target=58000 running...
  -> tokens=58043 root=False cov=0.0 FAIL begin/mid/end=True/True/True dur=2290.8s
[LC-58K-05] target=58000 running...
  -> tokens=58050 root=False cov=0.0 FAIL begin/mid/end=True/True/True dur=2307.5s
[LC-60K-01] target=60000 running...
  -> tokens=60062 root=False cov=0.33 FAIL begin/mid/end=True/True/True dur=2427.0s
[LC-60K-02] target=60000 running...
  -> tokens=60052 root=False cov=0.33 FAIL begin/mid/end=True/True/True dur=2424.0s
[LC-60K-03] target=60000 running...
  -> tokens=60044 root=False cov=0.0 FAIL begin/mid/end=True/True/True dur=2423.3s
DONE
===== LONG-CONTEXT END 2026-09-08T16:34:13Z exit=0 =====
