Probe started: 2026-07-26T06:34:30.535995+00:00
Duration: 240s, Interval: 1s
Targets: [('internet', 'https://fb1.spb.ru/health'), ('test', 'http://10.129.13.78:30080/health')]

[2026-07-26T06:34:30.536802Z] test         probe=   1 status= 200 latency=0.108s
[2026-07-26T06:34:30.536466Z] internet     probe=   1 status= 200 latency=0.116s
[2026-07-26T06:34:31.537061Z] test         probe=   2 status= 200 latency=0.129s
[2026-07-26T06:34:31.536582Z] internet     probe=   2 status= 200 latency=0.157s
[2026-07-26T06:34:32.540713Z] test         probe=   3 status= 200 latency=0.105s
[2026-07-26T06:34:32.537660Z] internet     probe=   3 status= 200 latency=0.123s
[2026-07-26T06:34:33.536744Z] test         probe=   4 status= 200 latency=0.104s
[2026-07-26T06:34:33.536477Z] internet     probe=   4 status= 200 latency=0.111s
[2026-07-26T06:34:34.537047Z] test         probe=   5 status= 200 latency=0.106s
[2026-07-26T06:34:34.536732Z] internet     probe=   5 status= 200 latency=0.117s
[2026-07-26T06:34:35.536736Z] test         probe=   6 status= 200 latency=0.104s
[2026-07-26T06:34:35.536511Z] internet     probe=   6 status= 200 latency=0.125s
[2026-07-26T06:34:36.536807Z] test         probe=   7 status= 200 latency=0.115s
[2026-07-26T06:34:36.536559Z] internet     probe=   7 status= 200 latency=0.154s
[2026-07-26T06:34:37.537409Z] test         probe=   8 status= 200 latency=0.104s
[2026-07-26T06:34:37.536816Z] internet     probe=   8 status= 200 latency=0.116s
[2026-07-26T06:34:38.537109Z] test         probe=   9 status= 200 latency=0.141s
[2026-07-26T06:34:38.536759Z] internet     probe=   9 status= 200 latency=0.142s
[2026-07-26T06:34:39.536913Z] test         probe=  10 status= 200 latency=0.106s
[2026-07-26T06:34:39.536552Z] internet     probe=  10 status= 200 latency=0.114s
[2026-07-26T06:34:40.537156Z] test         probe=  11 status= 200 latency=0.105s
[2026-07-26T06:34:40.536780Z] internet     probe=  11 status= 200 latency=0.123s
[2026-07-26T06:34:41.536843Z] test         probe=  12 status= 200 latency=0.107s
[2026-07-26T06:34:41.536519Z] internet     probe=  12 status= 200 latency=0.123s
[2026-07-26T06:34:42.537038Z] test         probe=  13 status= 200 latency=0.106s
[2026-07-26T06:34:42.536719Z] internet     probe=  13 status= 200 latency=0.120s
[2026-07-26T06:34:43.536988Z] test         probe=  14 status= 200 latency=0.108s
[2026-07-26T06:34:43.536813Z] internet     probe=  14 status= 200 latency=0.115s
[2026-07-26T06:34:44.537625Z] test         probe=  15 status= 200 latency=0.105s
[2026-07-26T06:34:44.536697Z] internet     probe=  15 status= 200 latency=0.115s
[2026-07-26T06:34:45.536861Z] test         probe=  16 status= 200 latency=0.109s
[2026-07-26T06:34:45.536631Z] internet     probe=  16 status= 200 latency=0.117s
[2026-07-26T06:34:46.536880Z] test         probe=  17 status= 200 latency=0.104s
[2026-07-26T06:34:46.536611Z] internet     probe=  17 status= 200 latency=0.116s
[2026-07-26T06:34:47.536882Z] test         probe=  18 status= 200 latency=0.104s
[2026-07-26T06:34:47.536611Z] internet     probe=  18 status= 200 latency=0.117s
[2026-07-26T06:34:48.536776Z] test         probe=  19 status= 200 latency=0.114s
[2026-07-26T06:34:48.536508Z] internet     probe=  19 status= 200 latency=0.121s
[2026-07-26T06:34:49.537830Z] test         probe=  20 status= 200 latency=0.105s
[2026-07-26T06:34:49.537634Z] internet     probe=  20 status= 200 latency=0.111s
[2026-07-26T06:34:50.536850Z] test         probe=  21 status= 200 latency=0.108s
[2026-07-26T06:34:50.536614Z] internet     probe=  21 status= 200 latency=0.114s
[2026-07-26T06:34:51.537498Z] test         probe=  22 status= 200 latency=0.121s
[2026-07-26T06:34:52.537089Z] test         probe=  23 status= 200 latency=0.115s
[2026-07-26T06:34:52.536670Z] internet     probe=  23 status= 200 latency=0.130s
[2026-07-26T06:34:51.536460Z] internet     probe=  22 status= 200 latency=1.155s
[2026-07-26T06:34:53.536920Z] test         probe=  24 status= 200 latency=0.105s
[2026-07-26T06:34:53.536618Z] internet     probe=  24 status= 200 latency=0.114s
[2026-07-26T06:34:54.536662Z] test         probe=  25 status= 200 latency=0.105s
[2026-07-26T06:34:54.536409Z] internet     probe=  25 status= 200 latency=0.113s
[2026-07-26T06:34:55.536895Z] test         probe=  26 status= 200 latency=0.105s
[2026-07-26T06:34:55.536652Z] internet     probe=  26 status= 200 latency=0.116s
[2026-07-26T06:34:56.536945Z] test         probe=  27 status= 200 latency=0.104s
[2026-07-26T06:34:56.536651Z] internet     probe=  27 status= 200 latency=0.122s
[2026-07-26T06:34:57.536759Z] test         probe=  28 status= 200 latency=0.106s
[2026-07-26T06:34:57.536529Z] internet     probe=  28 status= 200 latency=0.120s
[2026-07-26T06:34:58.536934Z] test         probe=  29 status= 200 latency=0.105s
[2026-07-26T06:34:58.536604Z] internet     probe=  29 status= 200 latency=0.114s
[2026-07-26T06:34:59.537429Z] test         probe=  30 status= 200 latency=0.105s
[2026-07-26T06:34:59.536803Z] internet     probe=  30 status= 200 latency=0.128s
[2026-07-26T06:35:00.537589Z] test         probe=  31 status= 200 latency=0.104s
[2026-07-26T06:35:00.536726Z] internet     probe=  31 status= 200 latency=0.116s
[2026-07-26T06:35:01.537756Z] test         probe=  32 status= 200 latency=0.105s
[2026-07-26T06:35:01.536535Z] internet     probe=  32 status= 200 latency=0.112s
[2026-07-26T06:35:02.536901Z] test         probe=  33 status= 200 latency=0.106s
[2026-07-26T06:35:02.536539Z] internet     probe=  33 status= 200 latency=0.116s
[2026-07-26T06:35:03.536770Z] test         probe=  34 status= 200 latency=0.104s
[2026-07-26T06:35:03.536489Z] internet     probe=  34 status= 200 latency=0.124s
[2026-07-26T06:35:04.542860Z] test         probe=  35 status= 200 latency=0.105s
[2026-07-26T06:35:04.540643Z] internet     probe=  35 status= 200 latency=0.119s
[2026-07-26T06:35:05.536536Z] internet     probe=  36 status= 200 latency=0.130s
[2026-07-26T06:35:05.541031Z] test         probe=  36 status= 200 latency=0.493s
[2026-07-26T06:35:06.537019Z] test         probe=  37 status= 200 latency=0.146s
[2026-07-26T06:35:06.536640Z] internet     probe=  37 status= 200 latency=0.148s
[2026-07-26T06:35:07.542307Z] test         probe=  38 status= 200 latency=0.105s
[2026-07-26T06:35:07.539328Z] internet     probe=  38 status= 200 latency=0.117s
[2026-07-26T06:35:08.536858Z] test         probe=  39 status= 200 latency=0.105s
[2026-07-26T06:35:08.536632Z] internet     probe=  39 status= 200 latency=0.117s
[2026-07-26T06:35:09.536935Z] test         probe=  40 status= 200 latency=0.122s
[2026-07-26T06:35:09.536621Z] internet     probe=  40 status= 200 latency=0.138s
[2026-07-26T06:35:10.537168Z] test         probe=  41 status= 200 latency=0.162s
[2026-07-26T06:35:10.536707Z] internet     probe=  41 status= 200 latency=0.166s
[2026-07-26T06:35:11.536755Z] test         probe=  42 status= 200 latency=0.108s
[2026-07-26T06:35:11.536622Z] internet     probe=  42 status= 200 latency=0.114s
[2026-07-26T06:35:12.537003Z] test         probe=  43 status= 200 latency=0.105s
[2026-07-26T06:35:12.536656Z] internet     probe=  43 status= 200 latency=0.118s
[2026-07-26T06:35:13.536949Z] test         probe=  44 status= 200 latency=0.120s
[2026-07-26T06:35:13.536674Z] internet     probe=  44 status= 200 latency=0.133s
[2026-07-26T06:35:14.536548Z] internet     probe=  45 status= 200 latency=0.156s
[2026-07-26T06:35:15.536868Z] test         probe=  46 status= 200 latency=0.105s
[2026-07-26T06:35:15.536566Z] internet     probe=  46 status= 200 latency=0.114s
[2026-07-26T06:35:14.536768Z] test         probe=  45 status= 200 latency=1.123s
[2026-07-26T06:35:16.537151Z] test         probe=  47 status= 200 latency=0.105s
[2026-07-26T06:35:16.536761Z] internet     probe=  47 status= 200 latency=0.127s
[2026-07-26T06:35:17.536705Z] internet     probe=  48 status= 200 latency=0.125s
[2026-07-26T06:35:17.537143Z] test         probe=  48 status= 200 latency=0.137s
[2026-07-26T06:35:18.536991Z] test         probe=  49 status= 200 latency=0.105s
[2026-07-26T06:35:18.536691Z] internet     probe=  49 status= 200 latency=0.118s
[2026-07-26T06:35:19.536718Z] internet     probe=  50 status= 200 latency=0.171s
[2026-07-26T06:35:20.537193Z] test         probe=  51 status= 200 latency=0.105s
[2026-07-26T06:35:19.537220Z] test         probe=  50 status= 200 latency=1.110s
[2026-07-26T06:35:20.536716Z] internet     probe=  51 status= 200 latency=0.122s
[2026-07-26T06:35:21.536847Z] test         probe=  52 status= 200 latency=0.105s
[2026-07-26T06:35:21.536610Z] internet     probe=  52 status= 200 latency=0.119s
[2026-07-26T06:35:22.536706Z] test         probe=  53 status= 200 latency=0.105s
[2026-07-26T06:35:22.536480Z] internet     probe=  53 status= 200 latency=0.112s
[2026-07-26T06:35:23.537118Z] test         probe=  54 status= 200 latency=0.105s
[2026-07-26T06:35:23.536730Z] internet     probe=  54 status= 200 latency=0.122s
[2026-07-26T06:35:24.536941Z] test         probe=  55 status= 200 latency=0.105s
[2026-07-26T06:35:24.536567Z] internet     probe=  55 status= 200 latency=0.115s
[2026-07-26T06:35:25.536578Z] internet     probe=  56 status= 200 latency=0.140s
[2026-07-26T06:35:25.537103Z] test         probe=  56 status= 200 latency=0.148s
[2026-07-26T06:35:26.536872Z] test         probe=  57 status= 200 latency=0.104s
[2026-07-26T06:35:26.536639Z] internet     probe=  57 status= 200 latency=0.115s
[2026-07-26T06:35:27.537110Z] test         probe=  58 status= 200 latency=0.108s
[2026-07-26T06:35:27.536733Z] internet     probe=  58 status= 200 latency=0.123s
[2026-07-26T06:35:28.537139Z] test         probe=  59 status= 200 latency=0.104s
[2026-07-26T06:35:28.536611Z] internet     probe=  59 status= 200 latency=0.122s
[2026-07-26T06:35:29.537047Z] test         probe=  60 status= 200 latency=0.106s
[2026-07-26T06:35:29.536612Z] internet     probe=  60 status= 200 latency=0.113s
[2026-07-26T06:35:30.536933Z] test         probe=  61 status= 200 latency=0.109s
[2026-07-26T06:35:30.536495Z] internet     probe=  61 status= 200 latency=0.118s
[2026-07-26T06:35:31.538928Z] test         probe=  62 status= 200 latency=0.105s
[2026-07-26T06:35:31.536536Z] internet     probe=  62 status= 200 latency=0.127s
[2026-07-26T06:35:32.537644Z] test         probe=  63 status= 200 latency=0.108s
[2026-07-26T06:35:32.536657Z] internet     probe=  63 status= 200 latency=0.117s
[2026-07-26T06:35:33.544465Z] test         probe=  64 status= 200 latency=0.107s
[2026-07-26T06:35:33.536509Z] internet     probe=  64 status= 200 latency=0.126s
[2026-07-26T06:35:34.536857Z] test         probe=  65 status= 200 latency=0.106s
[2026-07-26T06:35:34.536556Z] internet     probe=  65 status= 200 latency=0.137s
[2026-07-26T06:35:35.536839Z] test         probe=  66 status= 200 latency=0.105s
[2026-07-26T06:35:35.536555Z] internet     probe=  66 status= 200 latency=0.116s
[2026-07-26T06:35:36.536742Z] test         probe=  67 status= 200 latency=0.191s
[2026-07-26T06:35:37.536865Z] test         probe=  68 status= 200 latency=0.105s
[2026-07-26T06:35:36.536519Z] internet     probe=  67 status= 200 latency=1.116s
[2026-07-26T06:35:37.536626Z] internet     probe=  68 status= 200 latency=0.119s
[2026-07-26T06:35:38.536993Z] test         probe=  69 status= 200 latency=0.105s
[2026-07-26T06:35:38.536654Z] internet     probe=  69 status= 200 latency=0.116s
[2026-07-26T06:35:39.536978Z] test         probe=  70 status= 200 latency=0.105s
[2026-07-26T06:35:39.536668Z] internet     probe=  70 status= 200 latency=0.121s
[2026-07-26T06:35:40.536804Z] test         probe=  71 status= 200 latency=0.105s
[2026-07-26T06:35:40.536558Z] internet     probe=  71 status= 200 latency=0.114s
[2026-07-26T06:35:41.536841Z] test         probe=  72 status= 200 latency=0.105s
[2026-07-26T06:35:41.536513Z] internet     probe=  72 status= 200 latency=0.114s
[2026-07-26T06:35:42.537907Z] test         probe=  73 status= 200 latency=0.124s
[2026-07-26T06:35:42.537678Z] internet     probe=  73 status= 200 latency=0.133s
[2026-07-26T06:35:43.537358Z] test         probe=  74 status= 200 latency=0.105s
[2026-07-26T06:35:43.536662Z] internet     probe=  74 status= 200 latency=0.117s
[2026-07-26T06:35:44.537037Z] test         probe=  75 status= 200 latency=0.105s
[2026-07-26T06:35:44.536661Z] internet     probe=  75 status= 200 latency=0.115s
[2026-07-26T06:35:45.536808Z] test         probe=  76 status= 200 latency=0.105s
[2026-07-26T06:35:45.536523Z] internet     probe=  76 status= 200 latency=0.123s
[2026-07-26T06:35:46.536556Z] internet     probe=  77 status= 200 latency=0.115s
[2026-07-26T06:35:46.536765Z] test         probe=  77 status= 200 latency=0.119s
[2026-07-26T06:35:47.537036Z] test         probe=  78 status= 200 latency=0.108s
[2026-07-26T06:35:47.536672Z] internet     probe=  78 status= 200 latency=0.121s
[2026-07-26T06:35:48.536699Z] test         probe=  79 status= 200 latency=0.105s
[2026-07-26T06:35:48.536506Z] internet     probe=  79 status= 200 latency=0.112s
[2026-07-26T06:35:49.537042Z] test         probe=  80 status= 200 latency=0.106s
[2026-07-26T06:35:49.536620Z] internet     probe=  80 status= 200 latency=0.123s
[2026-07-26T06:35:50.538541Z] test         probe=  81 status= 200 latency=0.105s
[2026-07-26T06:35:50.538176Z] internet     probe=  81 status= 200 latency=0.117s
[2026-07-26T06:35:51.536910Z] test         probe=  82 status= 200 latency=0.114s
[2026-07-26T06:35:51.536609Z] internet     probe=  82 status= 200 latency=0.119s
[2026-07-26T06:35:52.537870Z] test         probe=  83 status= 200 latency=0.116s
[2026-07-26T06:35:52.537270Z] internet     probe=  83 status= 200 latency=0.120s
[2026-07-26T06:35:53.536745Z] test         probe=  84 status= 200 latency=0.104s
[2026-07-26T06:35:53.536559Z] internet     probe=  84 status= 200 latency=0.115s
[2026-07-26T06:35:54.537021Z] test         probe=  85 status= 200 latency=0.129s
[2026-07-26T06:35:54.536685Z] internet     probe=  85 status= 200 latency=0.131s
[2026-07-26T06:35:55.536657Z] test         probe=  86 status= 200 latency=0.105s
[2026-07-26T06:35:55.536426Z] internet     probe=  86 status= 200 latency=0.119s
[2026-07-26T06:35:56.537091Z] test         probe=  87 status= 200 latency=0.116s
[2026-07-26T06:35:56.536697Z] internet     probe=  87 status= 200 latency=0.120s
[2026-07-26T06:35:57.536932Z] test         probe=  88 status= 200 latency=0.104s
[2026-07-26T06:35:57.536634Z] internet     probe=  88 status= 200 latency=0.115s
[2026-07-26T06:35:58.537359Z] test         probe=  89 status= 200 latency=0.104s
[2026-07-26T06:35:58.536867Z] internet     probe=  89 status= 200 latency=0.120s
[2026-07-26T06:35:59.537359Z] test         probe=  90 status= 200 latency=0.105s
[2026-07-26T06:35:59.536766Z] internet     probe=  90 status= 200 latency=0.118s
[2026-07-26T06:36:00.542305Z] test         probe=  91 status= 200 latency=0.111s
[2026-07-26T06:36:00.539409Z] internet     probe=  91 status= 200 latency=0.122s
[2026-07-26T06:36:01.537565Z] test         probe=  92 status= 200 latency=0.105s
[2026-07-26T06:36:01.536708Z] internet     probe=  92 status= 200 latency=0.115s
[2026-07-26T06:36:02.537253Z] test         probe=  93 status= 200 latency=0.103s
[2026-07-26T06:36:02.536866Z] internet     probe=  93 status= 200 latency=0.142s
[2026-07-26T06:36:03.537059Z] test         probe=  94 status= 200 latency=0.105s
[2026-07-26T06:36:03.536696Z] internet     probe=  94 status= 200 latency=0.130s
[2026-07-26T06:36:04.537222Z] test         probe=  95 status= 200 latency=0.105s
[2026-07-26T06:36:04.536703Z] internet     probe=  95 status= 200 latency=0.122s
[2026-07-26T06:36:05.536942Z] test         probe=  96 status= 200 latency=0.106s
[2026-07-26T06:36:05.536593Z] internet     probe=  96 status= 200 latency=0.119s
[2026-07-26T06:36:06.537339Z] test         probe=  97 status= 200 latency=0.105s
[2026-07-26T06:36:06.536808Z] internet     probe=  97 status= 200 latency=0.124s
[2026-07-26T06:36:07.537250Z] test         probe=  98 status= 200 latency=0.106s
[2026-07-26T06:36:07.536763Z] internet     probe=  98 status= 200 latency=0.123s
[2026-07-26T06:36:08.536895Z] test         probe=  99 status= 200 latency=0.113s
[2026-07-26T06:36:08.536587Z] internet     probe=  99 status= 200 latency=0.131s
[2026-07-26T06:36:09.541713Z] test         probe= 100 status= 200 latency=0.105s
[2026-07-26T06:36:09.539326Z] internet     probe= 100 status= 200 latency=0.115s
[2026-07-26T06:36:10.536767Z] test         probe= 101 status= 200 latency=0.105s
[2026-07-26T06:36:10.536519Z] internet     probe= 101 status= 200 latency=0.113s
[2026-07-26T06:36:11.537211Z] test         probe= 102 status= 200 latency=0.105s
[2026-07-26T06:36:11.536863Z] internet     probe= 102 status= 200 latency=0.118s
[2026-07-26T06:36:12.536995Z] test         probe= 103 status= 200 latency=0.105s
[2026-07-26T06:36:12.536701Z] internet     probe= 103 status= 200 latency=0.116s
[2026-07-26T06:36:13.536896Z] test         probe= 104 status= 200 latency=0.105s
[2026-07-26T06:36:13.536622Z] internet     probe= 104 status= 200 latency=0.120s
[2026-07-26T06:36:14.537104Z] test         probe= 105 status= 200 latency=0.122s
[2026-07-26T06:36:14.536646Z] internet     probe= 105 status= 200 latency=0.143s
[2026-07-26T06:36:15.537068Z] test         probe= 106 status= 200 latency=0.135s
[2026-07-26T06:36:15.536600Z] internet     probe= 106 status= 200 latency=0.385s
[2026-07-26T06:36:16.536903Z] test         probe= 107 status= 200 latency=0.105s
[2026-07-26T06:36:16.536574Z] internet     probe= 107 status= 200 latency=0.115s
[2026-07-26T06:36:17.537661Z] test         probe= 108 status= 200 latency=0.107s
[2026-07-26T06:36:17.536697Z] internet     probe= 108 status= 200 latency=0.124s
[2026-07-26T06:36:18.536856Z] test         probe= 109 status= 200 latency=0.104s
[2026-07-26T06:36:18.536550Z] internet     probe= 109 status= 200 latency=0.122s
[2026-07-26T06:36:19.536836Z] test         probe= 110 status= 200 latency=0.104s
[2026-07-26T06:36:19.536545Z] internet     probe= 110 status= 200 latency=0.112s
[2026-07-26T06:36:20.537182Z] test         probe= 111 status= 200 latency=0.105s
[2026-07-26T06:36:20.536718Z] internet     probe= 111 status= 200 latency=0.123s
[2026-07-26T06:36:21.537154Z] test         probe= 112 status= 200 latency=0.106s
[2026-07-26T06:36:21.536732Z] internet     probe= 112 status= 200 latency=0.125s
[2026-07-26T06:36:22.537183Z] test         probe= 113 status= 200 latency=0.106s
[2026-07-26T06:36:22.536826Z] internet     probe= 113 status= 200 latency=0.114s
[2026-07-26T06:36:23.536966Z] test         probe= 114 status= 200 latency=0.105s
[2026-07-26T06:36:23.536698Z] internet     probe= 114 status= 200 latency=0.121s
[2026-07-26T06:36:24.537228Z] test         probe= 115 status= 200 latency=0.116s
[2026-07-26T06:36:24.536810Z] internet     probe= 115 status= 200 latency=0.123s
[2026-07-26T06:36:25.536859Z] test         probe= 116 status= 200 latency=0.105s
[2026-07-26T06:36:25.536469Z] internet     probe= 116 status= 200 latency=0.116s
[2026-07-26T06:36:26.537271Z] test         probe= 117 status= 200 latency=0.105s
[2026-07-26T06:36:26.536808Z] internet     probe= 117 status= 200 latency=0.124s
[2026-07-26T06:36:27.538070Z] test         probe= 118 status= 200 latency=0.106s
[2026-07-26T06:36:27.536875Z] internet     probe= 118 status= 200 latency=0.120s
[2026-07-26T06:36:28.537026Z] test         probe= 119 status= 200 latency=0.105s
[2026-07-26T06:36:28.536658Z] internet     probe= 119 status= 200 latency=0.125s
[2026-07-26T06:36:29.537180Z] test         probe= 120 status= 200 latency=0.105s
[2026-07-26T06:36:29.536767Z] internet     probe= 120 status= 200 latency=0.126s
[2026-07-26T06:36:30.537259Z] test         probe= 121 status= 200 latency=0.105s
[2026-07-26T06:36:30.536743Z] internet     probe= 121 status= 200 latency=0.115s
[2026-07-26T06:36:31.536904Z] test         probe= 122 status= 200 latency=0.105s
[2026-07-26T06:36:31.536616Z] internet     probe= 122 status= 200 latency=0.114s
[2026-07-26T06:36:32.537336Z] test         probe= 123 status= 200 latency=0.105s
[2026-07-26T06:36:32.536859Z] internet     probe= 123 status= 200 latency=0.113s
[2026-07-26T06:36:33.537151Z] test         probe= 124 status= 200 latency=0.105s
[2026-07-26T06:36:33.536640Z] internet     probe= 124 status= 200 latency=0.117s
[2026-07-26T06:36:34.537240Z] test         probe= 125 status= 200 latency=0.105s
[2026-07-26T06:36:34.536831Z] internet     probe= 125 status= 200 latency=0.124s
[2026-07-26T06:36:35.537223Z] test         probe= 126 status= 200 latency=0.106s
[2026-07-26T06:36:35.536825Z] internet     probe= 126 status= 200 latency=0.140s
[2026-07-26T06:36:36.537136Z] test         probe= 127 status= 200 latency=0.107s
[2026-07-26T06:36:36.536661Z] internet     probe= 127 status= 200 latency=0.116s
[2026-07-26T06:36:37.536855Z] test         probe= 128 status= 200 latency=0.105s
[2026-07-26T06:36:37.536590Z] internet     probe= 128 status= 200 latency=0.114s
[2026-07-26T06:36:38.537125Z] test         probe= 129 status= 200 latency=0.106s
[2026-07-26T06:36:38.536695Z] internet     probe= 129 status= 200 latency=0.125s
[2026-07-26T06:36:39.537171Z] test         probe= 130 status= 200 latency=0.106s
[2026-07-26T06:36:39.536782Z] internet     probe= 130 status= 200 latency=0.123s
[2026-07-26T06:36:40.537040Z] test         probe= 131 status= 200 latency=0.106s
[2026-07-26T06:36:40.536609Z] internet     probe= 131 status= 200 latency=0.114s
[2026-07-26T06:36:41.537034Z] test         probe= 132 status= 200 latency=0.105s
[2026-07-26T06:36:41.536748Z] internet     probe= 132 status= 200 latency=0.115s
[2026-07-26T06:36:42.537418Z] test         probe= 133 status= 200 latency=0.106s
[2026-07-26T06:36:42.536874Z] internet     probe= 133 status= 200 latency=0.118s
[2026-07-26T06:36:43.537422Z] test         probe= 134 status= 200 latency=0.106s
[2026-07-26T06:36:43.536823Z] internet     probe= 134 status= 200 latency=0.126s
[2026-07-26T06:36:44.537251Z] test         probe= 135 status= 200 latency=0.105s
[2026-07-26T06:36:44.536812Z] internet     probe= 135 status= 200 latency=0.124s
[2026-07-26T06:36:45.537189Z] test         probe= 136 status= 200 latency=0.106s
[2026-07-26T06:36:45.536754Z] internet     probe= 136 status= 200 latency=0.116s
[2026-07-26T06:36:46.537333Z] test         probe= 137 status= 200 latency=0.122s
[2026-07-26T06:36:46.536781Z] internet     probe= 137 status= 200 latency=0.140s
[2026-07-26T06:36:47.537075Z] test         probe= 138 status= 200 latency=0.105s
[2026-07-26T06:36:47.536611Z] internet     probe= 138 status= 200 latency=0.116s
[2026-07-26T06:36:48.537179Z] test         probe= 139 status= 200 latency=0.105s
[2026-07-26T06:36:48.536780Z] internet     probe= 139 status= 200 latency=0.125s
[2026-07-26T06:36:49.537247Z] test         probe= 140 status= 200 latency=0.105s
[2026-07-26T06:36:49.536813Z] internet     probe= 140 status= 200 latency=0.122s
[2026-07-26T06:36:50.536958Z] test         probe= 141 status= 200 latency=0.105s
[2026-07-26T06:36:50.536606Z] internet     probe= 141 status= 200 latency=0.123s
[2026-07-26T06:36:51.537075Z] test         probe= 142 status= 200 latency=0.105s
[2026-07-26T06:36:51.536746Z] internet     probe= 142 status= 200 latency=0.118s
[2026-07-26T06:36:52.538149Z] test         probe= 143 status= 200 latency=0.106s
[2026-07-26T06:36:52.537508Z] internet     probe= 143 status= 200 latency=0.124s
[2026-07-26T06:36:53.536998Z] test         probe= 144 status= 200 latency=0.105s
[2026-07-26T06:36:53.536700Z] internet     probe= 144 status= 200 latency=0.112s
[2026-07-26T06:36:54.537142Z] test         probe= 145 status= 200 latency=0.105s
[2026-07-26T06:36:54.536768Z] internet     probe= 145 status= 200 latency=0.124s
[2026-07-26T06:36:55.537009Z] test         probe= 146 status= 200 latency=0.105s
[2026-07-26T06:36:55.536702Z] internet     probe= 146 status= 200 latency=0.117s
[2026-07-26T06:36:56.536857Z] test         probe= 147 status= 200 latency=0.120s
[2026-07-26T06:36:56.536577Z] internet     probe= 147 status= 200 latency=0.129s
[2026-07-26T06:36:57.537112Z] test         probe= 148 status= 200 latency=0.105s
[2026-07-26T06:36:57.536806Z] internet     probe= 148 status= 200 latency=0.127s
[2026-07-26T06:36:58.537167Z] test         probe= 149 status= 200 latency=0.107s
[2026-07-26T06:36:58.536694Z] internet     probe= 149 status= 200 latency=0.125s
[2026-07-26T06:36:59.537509Z] test         probe= 150 status= 200 latency=0.105s
[2026-07-26T06:36:59.536892Z] internet     probe= 150 status= 200 latency=0.122s
[2026-07-26T06:37:00.536841Z] test         probe= 151 status= 200 latency=0.105s
[2026-07-26T06:37:00.536516Z] internet     probe= 151 status= 200 latency=0.117s
[2026-07-26T06:37:01.537245Z] test         probe= 152 status= 200 latency=0.106s
[2026-07-26T06:37:01.536800Z] internet     probe= 152 status= 200 latency=0.122s
[2026-07-26T06:37:02.537060Z] test         probe= 153 status= 200 latency=0.106s
[2026-07-26T06:37:02.536603Z] internet     probe= 153 status= 200 latency=0.116s
[2026-07-26T06:37:03.537027Z] test         probe= 154 status= 200 latency=0.106s
[2026-07-26T06:37:03.536550Z] internet     probe= 154 status= 200 latency=0.112s
[2026-07-26T06:37:04.537281Z] test         probe= 155 status= 200 latency=0.106s
[2026-07-26T06:37:04.536812Z] internet     probe= 155 status= 200 latency=0.120s
[2026-07-26T06:37:05.537270Z] test         probe= 156 status= 200 latency=0.106s
[2026-07-26T06:37:05.536749Z] internet     probe= 156 status= 200 latency=0.116s
[2026-07-26T06:37:06.537000Z] test         probe= 157 status= 200 latency=0.105s
[2026-07-26T06:37:06.536625Z] internet     probe= 157 status= 200 latency=0.114s
[2026-07-26T06:37:07.537238Z] test         probe= 158 status= 200 latency=0.116s
[2026-07-26T06:37:07.536819Z] internet     probe= 158 status= 200 latency=0.140s
[2026-07-26T06:37:08.537245Z] test         probe= 159 status= 200 latency=0.106s
[2026-07-26T06:37:08.536805Z] internet     probe= 159 status= 200 latency=0.124s
[2026-07-26T06:37:09.537148Z] test         probe= 160 status= 200 latency=0.106s
[2026-07-26T06:37:09.536744Z] internet     probe= 160 status= 200 latency=0.124s
[2026-07-26T06:37:10.537405Z] test         probe= 161 status= 200 latency=0.106s
[2026-07-26T06:37:10.536718Z] internet     probe= 161 status= 200 latency=0.115s
[2026-07-26T06:37:11.536964Z] test         probe= 162 status= 200 latency=0.105s
[2026-07-26T06:37:11.536698Z] internet     probe= 162 status= 200 latency=0.125s
[2026-07-26T06:37:12.536936Z] test         probe= 163 status= 200 latency=0.106s
[2026-07-26T06:37:12.536629Z] internet     probe= 163 status= 200 latency=0.116s
[2026-07-26T06:37:13.536905Z] test         probe= 164 status= 200 latency=0.105s
[2026-07-26T06:37:13.536530Z] internet     probe= 164 status= 200 latency=0.116s
[2026-07-26T06:37:14.536969Z] test         probe= 165 status= 200 latency=0.105s
[2026-07-26T06:37:14.536682Z] internet     probe= 165 status= 200 latency=0.121s
[2026-07-26T06:37:15.537238Z] test         probe= 166 status= 200 latency=0.105s
[2026-07-26T06:37:15.536911Z] internet     probe= 166 status= 200 latency=0.120s
[2026-07-26T06:37:16.537011Z] test         probe= 167 status= 200 latency=0.105s
[2026-07-26T06:37:16.536694Z] internet     probe= 167 status= 200 latency=0.124s
[2026-07-26T06:37:17.536949Z] test         probe= 168 status= 200 latency=0.114s
[2026-07-26T06:37:17.536619Z] internet     probe= 168 status= 200 latency=0.121s
[2026-07-26T06:37:18.537203Z] test         probe= 169 status= 200 latency=0.106s
[2026-07-26T06:37:18.536874Z] internet     probe= 169 status= 200 latency=0.123s
[2026-07-26T06:37:19.537139Z] test         probe= 170 status= 200 latency=0.105s
[2026-07-26T06:37:19.536765Z] internet     probe= 170 status= 200 latency=0.113s
[2026-07-26T06:37:20.537145Z] test         probe= 171 status= 200 latency=0.105s
[2026-07-26T06:37:20.536786Z] internet     probe= 171 status= 200 latency=0.125s
[2026-07-26T06:37:21.536955Z] test         probe= 172 status= 200 latency=0.105s
[2026-07-26T06:37:21.536663Z] internet     probe= 172 status= 200 latency=0.115s
[2026-07-26T06:37:22.537204Z] test         probe= 173 status= 200 latency=0.106s
[2026-07-26T06:37:22.536782Z] internet     probe= 173 status= 200 latency=0.124s
[2026-07-26T06:37:23.537067Z] test         probe= 174 status= 200 latency=0.105s
[2026-07-26T06:37:23.536734Z] internet     probe= 174 status= 200 latency=0.122s
[2026-07-26T06:37:24.537221Z] test         probe= 175 status= 200 latency=0.105s
[2026-07-26T06:37:24.536787Z] internet     probe= 175 status= 200 latency=0.123s
[2026-07-26T06:37:25.537083Z] test         probe= 176 status= 200 latency=0.106s
[2026-07-26T06:37:25.536753Z] internet     probe= 176 status= 200 latency=0.119s
[2026-07-26T06:37:26.537208Z] test         probe= 177 status= 200 latency=0.105s
[2026-07-26T06:37:26.536756Z] internet     probe= 177 status= 200 latency=0.117s
[2026-07-26T06:37:27.537285Z] test         probe= 178 status= 200 latency=0.106s
[2026-07-26T06:37:27.536857Z] internet     probe= 178 status= 200 latency=0.119s
[2026-07-26T06:37:28.536996Z] test         probe= 179 status= 200 latency=0.114s
[2026-07-26T06:37:28.536690Z] internet     probe= 179 status= 200 latency=0.126s
[2026-07-26T06:37:29.537235Z] test         probe= 180 status= 200 latency=0.109s
[2026-07-26T06:37:29.536900Z] internet     probe= 180 status= 200 latency=0.120s
[2026-07-26T06:37:30.537665Z] test         probe= 181 status= 200 latency=0.105s
[2026-07-26T06:37:30.536860Z] internet     probe= 181 status= 200 latency=0.116s
[2026-07-26T06:37:31.537299Z] test         probe= 182 status= 200 latency=0.105s
[2026-07-26T06:37:31.536872Z] internet     probe= 182 status= 200 latency=0.127s
[2026-07-26T06:37:32.537247Z] test         probe= 183 status= 200 latency=0.105s
[2026-07-26T06:37:32.536875Z] internet     probe= 183 status= 200 latency=0.123s
[2026-07-26T06:37:33.537087Z] test         probe= 184 status= 200 latency=0.105s
[2026-07-26T06:37:33.536766Z] internet     probe= 184 status= 200 latency=0.120s
[2026-07-26T06:37:34.537254Z] test         probe= 185 status= 200 latency=0.107s
[2026-07-26T06:37:34.536765Z] internet     probe= 185 status= 200 latency=0.126s
[2026-07-26T06:37:35.536777Z] test         probe= 186 status= 200 latency=0.105s
[2026-07-26T06:37:35.536566Z] internet     probe= 186 status= 200 latency=0.112s
[2026-07-26T06:37:36.537052Z] test         probe= 187 status= 200 latency=0.105s
[2026-07-26T06:37:36.536702Z] internet     probe= 187 status= 200 latency=0.115s
[2026-07-26T06:37:37.537629Z] test         probe= 188 status= 200 latency=0.106s
[2026-07-26T06:37:37.537025Z] internet     probe= 188 status= 200 latency=0.125s
[2026-07-26T06:37:38.536875Z] test         probe= 189 status= 200 latency=0.122s
[2026-07-26T06:37:38.536620Z] internet     probe= 189 status= 200 latency=0.127s
[2026-07-26T06:37:39.537255Z] test         probe= 190 status= 200 latency=0.107s
[2026-07-26T06:37:39.536819Z] internet     probe= 190 status= 200 latency=0.117s
[2026-07-26T06:37:40.537059Z] test         probe= 191 status= 200 latency=0.106s
[2026-07-26T06:37:40.536720Z] internet     probe= 191 status= 200 latency=0.120s
[2026-07-26T06:37:41.537048Z] test         probe= 192 status= 200 latency=0.105s
[2026-07-26T06:37:41.536709Z] internet     probe= 192 status= 200 latency=0.116s
[2026-07-26T06:37:42.537042Z] test         probe= 193 status= 200 latency=0.105s
[2026-07-26T06:37:42.536622Z] internet     probe= 193 status= 200 latency=0.120s
[2026-07-26T06:37:43.536933Z] test         probe= 194 status= 200 latency=0.105s
[2026-07-26T06:37:43.536608Z] internet     probe= 194 status= 200 latency=0.118s
[2026-07-26T06:37:44.537103Z] test         probe= 195 status= 200 latency=0.106s
[2026-07-26T06:37:44.536790Z] internet     probe= 195 status= 200 latency=0.116s
[2026-07-26T06:37:45.537269Z] test         probe= 196 status= 200 latency=0.106s
[2026-07-26T06:37:45.536806Z] internet     probe= 196 status= 200 latency=0.122s
[2026-07-26T06:37:46.537548Z] test         probe= 197 status= 200 latency=0.105s
[2026-07-26T06:37:46.536891Z] internet     probe= 197 status= 200 latency=0.121s
[2026-07-26T06:37:47.537215Z] test         probe= 198 status= 200 latency=0.105s
[2026-07-26T06:37:47.536828Z] internet     probe= 198 status= 200 latency=0.117s
[2026-07-26T06:37:48.536937Z] test         probe= 199 status= 200 latency=0.105s
[2026-07-26T06:37:48.536587Z] internet     probe= 199 status= 200 latency=0.114s
[2026-07-26T06:37:49.537113Z] test         probe= 200 status= 200 latency=0.114s
[2026-07-26T06:37:49.536773Z] internet     probe= 200 status= 200 latency=0.127s
[2026-07-26T06:37:50.537275Z] test         probe= 201 status= 200 latency=0.106s
[2026-07-26T06:37:50.536938Z] internet     probe= 201 status= 200 latency=0.122s
[2026-07-26T06:37:51.537038Z] test         probe= 202 status= 200 latency=0.105s
[2026-07-26T06:37:51.536723Z] internet     probe= 202 status= 200 latency=0.125s
[2026-07-26T06:37:52.537230Z] test         probe= 203 status= 200 latency=0.106s
[2026-07-26T06:37:52.536703Z] internet     probe= 203 status= 200 latency=0.124s
[2026-07-26T06:37:53.537241Z] test         probe= 204 status= 200 latency=0.105s
[2026-07-26T06:37:53.536760Z] internet     probe= 204 status= 200 latency=0.126s
[2026-07-26T06:37:54.537252Z] test         probe= 205 status= 200 latency=0.106s
[2026-07-26T06:37:54.536878Z] internet     probe= 205 status= 200 latency=0.125s
[2026-07-26T06:37:55.536952Z] test         probe= 206 status= 200 latency=0.106s
[2026-07-26T06:37:55.536620Z] internet     probe= 206 status= 200 latency=0.113s
[2026-07-26T06:37:56.537135Z] test         probe= 207 status= 200 latency=0.106s
[2026-07-26T06:37:56.536717Z] internet     probe= 207 status= 200 latency=0.127s
[2026-07-26T06:37:57.537357Z] test         probe= 208 status= 200 latency=0.105s
[2026-07-26T06:37:57.536766Z] internet     probe= 208 status= 200 latency=0.125s
[2026-07-26T06:37:58.537405Z] test         probe= 209 status= 200 latency=0.106s
[2026-07-26T06:37:58.536886Z] internet     probe= 209 status= 200 latency=0.125s
[2026-07-26T06:37:59.537195Z] test         probe= 210 status= 200 latency=0.116s
[2026-07-26T06:37:59.536826Z] internet     probe= 210 status= 200 latency=0.126s
[2026-07-26T06:38:00.537064Z] test         probe= 211 status= 200 latency=0.106s
[2026-07-26T06:38:00.536736Z] internet     probe= 211 status= 200 latency=0.124s
[2026-07-26T06:38:01.537781Z] test         probe= 212 status= 200 latency=0.105s
[2026-07-26T06:38:01.536531Z] internet     probe= 212 status= 200 latency=0.123s
[2026-07-26T06:38:02.537047Z] test         probe= 213 status= 200 latency=0.106s
[2026-07-26T06:38:02.536649Z] internet     probe= 213 status= 200 latency=0.116s
[2026-07-26T06:38:03.537294Z] test         probe= 214 status= 200 latency=0.105s
[2026-07-26T06:38:03.536894Z] internet     probe= 214 status= 200 latency=0.128s
[2026-07-26T06:38:04.537089Z] test         probe= 215 status= 200 latency=0.105s
[2026-07-26T06:38:04.536743Z] internet     probe= 215 status= 200 latency=0.123s
[2026-07-26T06:38:05.537043Z] test         probe= 216 status= 200 latency=0.105s
[2026-07-26T06:38:05.536667Z] internet     probe= 216 status= 200 latency=0.126s
[2026-07-26T06:38:06.537136Z] test         probe= 217 status= 200 latency=0.105s
[2026-07-26T06:38:06.536724Z] internet     probe= 217 status= 200 latency=0.125s
[2026-07-26T06:38:07.536947Z] test         probe= 218 status= 200 latency=0.106s
[2026-07-26T06:38:07.536651Z] internet     probe= 218 status= 200 latency=0.122s
[2026-07-26T06:38:08.537129Z] test         probe= 219 status= 200 latency=0.107s
[2026-07-26T06:38:08.536779Z] internet     probe= 219 status= 200 latency=0.119s
[2026-07-26T06:38:09.536985Z] test         probe= 220 status= 200 latency=0.106s
[2026-07-26T06:38:09.536646Z] internet     probe= 220 status= 200 latency=0.115s
[2026-07-26T06:38:10.536966Z] test         probe= 221 status= 200 latency=0.106s
[2026-07-26T06:38:10.536656Z] internet     probe= 221 status= 200 latency=0.135s
[2026-07-26T06:38:11.537275Z] test         probe= 222 status= 200 latency=0.105s
[2026-07-26T06:38:11.536657Z] internet     probe= 222 status= 200 latency=0.125s
[2026-07-26T06:38:12.537011Z] test         probe= 223 status= 200 latency=0.105s
[2026-07-26T06:38:12.536698Z] internet     probe= 223 status= 200 latency=0.114s
[2026-07-26T06:38:13.537151Z] test         probe= 224 status= 200 latency=0.105s
[2026-07-26T06:38:13.536740Z] internet     probe= 224 status= 200 latency=0.124s
[2026-07-26T06:38:14.537244Z] test         probe= 225 status= 200 latency=0.105s
[2026-07-26T06:38:14.536765Z] internet     probe= 225 status= 200 latency=0.117s
[2026-07-26T06:38:15.537453Z] test         probe= 226 status= 200 latency=0.105s
[2026-07-26T06:38:15.536823Z] internet     probe= 226 status= 200 latency=0.126s
[2026-07-26T06:38:16.536947Z] test         probe= 227 status= 200 latency=0.105s
[2026-07-26T06:38:16.536686Z] internet     probe= 227 status= 200 latency=0.119s
[2026-07-26T06:38:17.537293Z] test         probe= 228 status= 200 latency=0.105s
[2026-07-26T06:38:17.536789Z] internet     probe= 228 status= 200 latency=0.125s
[2026-07-26T06:38:18.537229Z] test         probe= 229 status= 200 latency=0.105s
[2026-07-26T06:38:18.536794Z] internet     probe= 229 status= 200 latency=0.125s
[2026-07-26T06:38:19.537405Z] test         probe= 230 status= 200 latency=0.106s
[2026-07-26T06:38:19.536796Z] internet     probe= 230 status= 200 latency=0.121s
[2026-07-26T06:38:20.537136Z] test         probe= 231 status= 200 latency=0.105s
[2026-07-26T06:38:20.536770Z] internet     probe= 231 status= 200 latency=0.123s
[2026-07-26T06:38:21.536919Z] test         probe= 232 status= 200 latency=0.119s
[2026-07-26T06:38:21.536686Z] internet     probe= 232 status= 200 latency=0.128s
[2026-07-26T06:38:22.537083Z] test         probe= 233 status= 200 latency=0.106s
[2026-07-26T06:38:22.536658Z] internet     probe= 233 status= 200 latency=0.118s
[2026-07-26T06:38:23.537162Z] test         probe= 234 status= 200 latency=0.105s
[2026-07-26T06:38:23.536773Z] internet     probe= 234 status= 200 latency=0.123s
[2026-07-26T06:38:24.536984Z] test         probe= 235 status= 200 latency=0.106s
[2026-07-26T06:38:24.536699Z] internet     probe= 235 status= 200 latency=0.124s
[2026-07-26T06:38:25.537070Z] test         probe= 236 status= 200 latency=0.105s
[2026-07-26T06:38:25.536671Z] internet     probe= 236 status= 200 latency=0.126s
[2026-07-26T06:38:26.537181Z] test         probe= 237 status= 200 latency=0.105s
[2026-07-26T06:38:26.536750Z] internet     probe= 237 status= 200 latency=0.125s
[2026-07-26T06:38:27.536829Z] test         probe= 238 status= 200 latency=0.106s
[2026-07-26T06:38:27.536556Z] internet     probe= 238 status= 200 latency=0.117s
[2026-07-26T06:38:28.537106Z] test         probe= 239 status= 200 latency=0.106s
[2026-07-26T06:38:28.536767Z] internet     probe= 239 status= 200 latency=0.126s
[2026-07-26T06:38:29.537048Z] test         probe= 240 status= 200 latency=0.105s
[2026-07-26T06:38:29.536702Z] internet     probe= 240 status= 200 latency=0.116s

============================================================
Zone: internet
  Probes: 240  HTTP 200: 240  Non-200: 0
  DNS/TLS/Timeout: 0/0/0
  Availability: 100.0%  Status: PASS

Zone: test
  Probes: 240  HTTP 200: 240  Non-200: 0
  DNS/TLS/Timeout: 0/0/0
  Availability: 100.0%  Status: PASS

Overall: PASS
Summary: evidence/u1.3-ops-r6/availability-summary.json  CSV: evidence/u1.3-ops-r6/logs/15-availability-probe.csv
