
COMMAND START
UTC TIMESTAMP: 2026-07-26T02:05:04Z
COMMAND: git baseline collection
2026-07-26T02:05:04Z
/root/aither-project
origin	https://github.com/dedvmedved-dot/aither-project.git (fetch)
origin	https://github.com/dedvmedved-dot/aither-project.git (push)
?? evidence/u1.3-ops-r2/
?? evidence/u1.3-wui/rejected-run-14136d7/logs/
aither-v2
79026986f5bdaabca2eb9ab005bdb0d63b1b1e6c
79026986f5bdaabca2eb9ab005bdb0d63b1b1e6c
79026986f5bdaabca2eb9ab005bdb0d63b1b1e6c	refs/heads/aither-v2
7902698 (HEAD -> aither-v2, origin/aither-v2) evidence(u1.3-ops-r1): add verifiable operations evidence with raw logs
0dd6fd5 ops(u1.3-r1): correct operational tooling — evidence collection script
3a2cb3d evidence(u1.3-ops): operational readiness verification
2ed4b4c ops(u1.3): operational readiness — documentation and procedures
171f78d evidence(u1.3-wui-r1): prove complete webui workflow after corrections
7c7bb10 fix(u1.3-wui): repair agent page renderer and enforce TLS verification
14136d7 feat(u1.3-wui): complete dual-model chat and agent key workflows
6327205 docs(r3.3): remove self-reference placeholders and stale HEAD values
76df023 docs(r3.2): reconcile tested, evidence and final commit chain
bb224c4 evidence(r3.1): prove reproducible identity acceptance from clean clone
1ed9500 test(r3.1): make identity acceptance reproducible from clean commit
6278381 feat(r3): TRACK-A-R3 — real identities, key lifecycle, agent acceptance
4adab46 test(r2): TRACK-A-R2 — Playwright E2E fix, 4/4 PASS (Chromium+Firefox, Internet+Test Zone)
5f79ab8 fix(e2e): use Enter key instead of chat-send button, fix chat input
8a4ec06 fix(e2e): correct button selectors, use Escape for modal close
EXIT_CODE=0
COMMAND END
