
COMMAND START
UTC TIMESTAMP: 2026-07-26T02:15:30Z
COMMAND: dependency validation

Python 3.11.15
pip 24.0 from /usr/local/lib/hermes-agent/venv/lib/python3.11/site-packages/pip (python 3.11)
No broken requirements found.
---
ERROR: Could not open requirements file: [Errno 2] No such file or directory: 'tests/e2e/requirements.txt'

[notice] A new release of pip is available: 24.0 -> 26.1.2
[notice] To update, run: pip install --upgrade pip

EXIT_CODE=0
COMMAND END
Requirement already satisfied: pytest>=7.0.0 in /usr/local/lib/hermes-agent/venv/lib/python3.11/site-packages (from -r tests/requirements-test.txt (line 1)) (9.1.1)
Requirement already satisfied: pytest-playwright>=0.4.0 in /usr/local/lib/hermes-agent/venv/lib/python3.11/site-packages (from -r tests/requirements-test.txt (line 2)) (0.8.0)
Requirement already satisfied: requests>=2.28.0 in /usr/local/lib/hermes-agent/venv/lib/python3.11/site-packages (from -r tests/requirements-test.txt (line 3)) (2.33.0)
Requirement already satisfied: playwright>=1.40.0 in /usr/local/lib/hermes-agent/venv/lib/python3.11/site-packages (from -r tests/requirements-test.txt (line 4)) (1.61.0)
Requirement already satisfied: iniconfig>=1.0.1 in /usr/local/lib/hermes-agent/venv/lib/python3.11/site-packages (from pytest>=7.0.0->-r tests/requirements-test.txt (line 1)) (2.3.0)
Requirement already satisfied: packaging>=22 in /usr/local/lib/hermes-agent/venv/lib/python3.11/site-packages (from pytest>=7.0.0->-r tests/requirements-test.txt (line 1)) (26.0)
Requirement already satisfied: pluggy<2,>=1.5 in /usr/local/lib/hermes-agent/venv/lib/python3.11/site-packages (from pytest>=7.0.0->-r tests/requirements-test.txt (line 1)) (1.6.0)
Requirement already satisfied: pygments>=2.7.2 in /usr/local/lib/hermes-agent/venv/lib/python3.11/site-packages (from pytest>=7.0.0->-r tests/requirements-test.txt (line 1)) (2.19.2)
Requirement already satisfied: pytest-base-url<3.0.0,>=1.0.0 in /usr/local/lib/hermes-agent/venv/lib/python3.11/site-packages (from pytest-playwright>=0.4.0->-r tests/requirements-test.txt (line 2)) (2.1.0)
Requirement already satisfied: python-slugify<9.0.0,>=6.0.0 in /usr/local/lib/hermes-agent/venv/lib/python3.11/site-packages (from pytest-playwright>=0.4.0->-r tests/requirements-test.txt (line 2)) (8.0.4)
Requirement already satisfied: charset_normalizer<4,>=2 in /usr/local/lib/hermes-agent/venv/lib/python3.11/site-packages (from requests>=2.28.0->-r tests/requirements-test.txt (line 3)) (3.4.4)
Requirement already satisfied: idna<4,>=2.5 in /usr/local/lib/hermes-agent/venv/lib/python3.11/site-packages (from requests>=2.28.0->-r tests/requirements-test.txt (line 3)) (3.15)
Requirement already satisfied: urllib3<3,>=1.26 in /usr/local/lib/hermes-agent/venv/lib/python3.11/site-packages (from requests>=2.28.0->-r tests/requirements-test.txt (line 3)) (2.7.0)
Requirement already satisfied: certifi>=2023.5.7 in /usr/local/lib/hermes-agent/venv/lib/python3.11/site-packages (from requests>=2.28.0->-r tests/requirements-test.txt (line 3)) (2026.5.20)
Requirement already satisfied: pyee<14,>=13 in /usr/local/lib/hermes-agent/venv/lib/python3.11/site-packages (from playwright>=1.40.0->-r tests/requirements-test.txt (line 4)) (13.0.1)
Requirement already satisfied: greenlet<4.0.0,>=3.1.1 in /usr/local/lib/hermes-agent/venv/lib/python3.11/site-packages (from playwright>=1.40.0->-r tests/requirements-test.txt (line 4)) (3.5.4)
Requirement already satisfied: typing-extensions in /usr/local/lib/hermes-agent/venv/lib/python3.11/site-packages (from pyee<14,>=13->playwright>=1.40.0->-r tests/requirements-test.txt (line 4)) (4.15.0)
Requirement already satisfied: text-unidecode>=1.3 in /usr/local/lib/hermes-agent/venv/lib/python3.11/site-packages (from python-slugify<9.0.0,>=6.0.0->pytest-playwright>=0.4.0->-r tests/requirements-test.txt (line 2)) (1.3)

[notice] A new release of pip is available: 24.0 -> 26.1.2
[notice] To update, run: pip install --upgrade pip
