COMMAND START
UTC TIMESTAMP: 2026-07-26T03:31:31Z
COMMAND: final git state verification

=== GIT STATUS ===
 M evidence/u1.3-ops-r2/19_ACCEPTANCE_MATRIX.md
 M evidence/u1.3-ops-r2/final-report.md
 M scripts/ops/http_availability_probe.py
?? evidence/u1.3-ops-r2/logs/19-final-git-state.log

=== BRANCH ===
aither-v2

=== LOCAL HEAD ===
cf8bf4fd3cc6847a411708de0017c8e49221e8df

=== ORIGIN HEAD ===
cf8bf4fd3cc6847a411708de0017c8e49221e8df

=== LS-REMOTE ===
cf8bf4fd3cc6847a411708de0017c8e49221e8df	refs/heads/aither-v2

=== LAST COMMIT ===
commit cf8bf4fd3cc6847a411708de0017c8e49221e8df
Author:     Sergey Kravchuk <sergey@kravchuk.dev>
AuthorDate: Sun Jul 26 06:01:35 2026 +0300
Commit:     Sergey Kravchuk <sergey@kravchuk.dev>
CommitDate: Sun Jul 26 06:01:35 2026 +0300

    evidence(u1.3-ops-r2): finalize fresh-clone and acceptance evidence

