============================= test session starts ==============================
collecting ... collected 35 items

tests/e2e/test_u13_registration_corrective.py::test_01_valid_registration PASSED [  2%]
tests/e2e/test_u13_registration_corrective.py::test_02_invalid_invite PASSED [  5%]
tests/e2e/test_u13_registration_corrective.py::test_03_expired_invite PASSED [  8%]
tests/e2e/test_u13_registration_corrective.py::test_04_revoked_invite PASSED [ 11%]
tests/e2e/test_u13_registration_corrective.py::test_05_used_invite PASSED [ 14%]
tests/e2e/test_u13_registration_corrective.py::test_06_duplicate_username PASSED [ 17%]
tests/e2e/test_u13_registration_corrective.py::test_07_case_normalized_duplicate PASSED [ 20%]
tests/e2e/test_u13_registration_corrective.py::test_08_reserved_username[admin] PASSED [ 22%]
tests/e2e/test_u13_registration_corrective.py::test_08_reserved_username[root] PASSED [ 25%]
tests/e2e/test_u13_registration_corrective.py::test_08_reserved_username[system] PASSED [ 28%]
tests/e2e/test_u13_registration_corrective.py::test_08_reserved_username[administrator] PASSED [ 31%]
tests/e2e/test_u13_registration_corrective.py::test_09_password_mismatch PASSED [ 34%]
tests/e2e/test_u13_registration_corrective.py::test_10_weak_password PASSED [ 37%]
tests/e2e/test_u13_registration_corrective.py::test_11_argon2id_verification PASSED [ 40%]
tests/e2e/test_u13_registration_corrective.py::test_12_same_invite_concurrency PASSED [ 42%]
tests/e2e/test_u13_registration_corrective.py::test_13_same_username_concurrency PASSED [ 45%]
tests/e2e/test_u13_registration_corrective.py::test_14_atomic_expiry_race PASSED [ 48%]
tests/e2e/test_u13_registration_corrective.py::test_15_cross_zone PASSED [ 51%]
tests/e2e/test_u13_registration_corrective.py::test_16_cross_replica PASSED [ 54%]
tests/e2e/test_u13_registration_corrective.py::test_17_invite_scope_enforcement PASSED [ 57%]
tests/e2e/test_u13_registration_corrective.py::test_18_forbidden_model_denial_chat PASSED [ 60%]
tests/e2e/test_u13_registration_corrective.py::test_19_forbidden_model_denial_completions PASSED [ 62%]
tests/e2e/test_u13_registration_corrective.py::test_20_secure_cookie PASSED [ 65%]
tests/e2e/test_u13_registration_corrective.py::test_21_server_side_logout PASSED [ 68%]
tests/e2e/test_u13_registration_corrective.py::test_22_disabled_user_session_denial PASSED [ 71%]
tests/e2e/test_u13_registration_corrective.py::test_23_disabled_user_api_token_denial PASSED [ 74%]
tests/e2e/test_u13_registration_corrective.py::test_24_blocked_user_denial PASSED [ 77%]
tests/e2e/test_u13_registration_corrective.py::test_25_redis_unavailable PASSED [ 80%]
tests/e2e/test_u13_registration_corrective.py::test_26_rate_limit_positive PASSED [ 82%]
tests/e2e/test_u13_registration_corrective.py::test_27_rate_limit_negative PASSED [ 85%]
tests/e2e/test_u13_registration_corrective.py::test_28_restart_persistence PASSED [ 88%]
tests/e2e/test_u13_registration_corrective.py::test_29_used_invite_persistence PASSED [ 91%]
tests/e2e/test_u13_registration_corrective.py::test_30_own_token_list_revoke PASSED [ 94%]
tests/e2e/test_u13_registration_corrective.py::test_31_foreign_token_list_revoke_denial PASSED [ 97%]
tests/e2e/test_u13_registration_corrective.py::test_32_unowned_token_revoke_denial PASSED [100%]

=============================== warnings summary ===============================
tests/e2e/test_u13_registration_corrective.py: 38 warnings
  /usr/local/lib/hermes-agent/venv/lib/python3.11/site-packages/urllib3/connectionpool.py:1110: InsecureRequestWarning: Unverified HTTPS request is being made to host 'fb1.spb.ru'. Adding certificate verification is strongly advised. See: https://urllib3.readthedocs.io/en/latest/advanced-usage.html#tls-warnings
    warnings.warn(

-- Docs: https://docs.pytest.org/en/stable/how-to/capture-warnings.html
- generated xml file: /root/aither-project-r7-canonical/docs/evidence/u1.3-ops-r7-r5-c2/01-direction-18/junit.xml -
======================= 35 passed, 38 warnings in 50.65s =======================
