Probe started: 2026-07-26T05:57:20.108071+00:00
Duration: 240s, Interval: 1s
Targets: [('internet', 'https://fb1.spb.ru/health'), ('test', 'http://10.129.13.78:30080/health')]

[2026-07-26T05:57:20.108808Z] test         probe=   1 status= 200 latency=0.110s
[2026-07-26T05:57:20.108532Z] internet     probe=   1 status= 200 latency=0.127s
[2026-07-26T05:57:21.109161Z] test         probe=   2 status= 200 latency=0.108s
[2026-07-26T05:57:21.108819Z] internet     probe=   2 status= 200 latency=0.126s
[2026-07-26T05:57:22.109231Z] test         probe=   3 status= 200 latency=0.108s
[2026-07-26T05:57:22.108811Z] internet     probe=   3 status= 200 latency=0.120s
[2026-07-26T05:57:23.109081Z] test         probe=   4 status= 200 latency=0.108s
[2026-07-26T05:57:23.108774Z] internet     probe=   4 status= 200 latency=0.120s
[2026-07-26T05:57:24.109107Z] test         probe=   5 status= 200 latency=0.107s
[2026-07-26T05:57:24.108714Z] internet     probe=   5 status= 200 latency=0.117s
[2026-07-26T05:57:25.109642Z] test         probe=   6 status= 200 latency=0.108s
[2026-07-26T05:57:25.109068Z] internet     probe=   6 status= 200 latency=0.133s
[2026-07-26T05:57:26.109120Z] test         probe=   7 status= 200 latency=0.107s
[2026-07-26T05:57:26.108810Z] internet     probe=   7 status= 200 latency=0.125s
[2026-07-26T05:57:27.109258Z] test         probe=   8 status= 200 latency=0.107s
[2026-07-26T05:57:27.108877Z] internet     probe=   8 status= 200 latency=0.128s
[2026-07-26T05:57:28.109319Z] test         probe=   9 status= 200 latency=0.121s
[2026-07-26T05:57:28.108837Z] internet     probe=   9 status= 200 latency=0.139s
[2026-07-26T05:57:29.109120Z] test         probe=  10 status= 200 latency=0.108s
[2026-07-26T05:57:29.108765Z] internet     probe=  10 status= 200 latency=0.124s
[2026-07-26T05:57:30.109297Z] test         probe=  11 status= 200 latency=0.107s
[2026-07-26T05:57:30.108869Z] internet     probe=  11 status= 200 latency=0.115s
[2026-07-26T05:57:31.108917Z] test         probe=  12 status= 200 latency=0.108s
[2026-07-26T05:57:31.108636Z] internet     probe=  12 status= 200 latency=0.121s
[2026-07-26T05:57:32.108947Z] test         probe=  13 status= 200 latency=0.107s
[2026-07-26T05:57:32.108711Z] internet     probe=  13 status= 200 latency=0.117s
[2026-07-26T05:57:33.109240Z] test         probe=  14 status= 200 latency=0.107s
[2026-07-26T05:57:33.108826Z] internet     probe=  14 status= 200 latency=0.124s
[2026-07-26T05:57:34.108863Z] test         probe=  15 status= 200 latency=0.107s
[2026-07-26T05:57:34.108640Z] internet     probe=  15 status= 200 latency=0.116s
[2026-07-26T05:57:35.109236Z] test         probe=  16 status= 200 latency=0.108s
[2026-07-26T05:57:35.108840Z] internet     probe=  16 status= 200 latency=0.118s
[2026-07-26T05:57:36.109211Z] test         probe=  17 status= 200 latency=0.108s
[2026-07-26T05:57:36.108779Z] internet     probe=  17 status= 200 latency=0.131s
[2026-07-26T05:57:37.109313Z] test         probe=  18 status= 200 latency=0.108s
[2026-07-26T05:57:37.108798Z] internet     probe=  18 status= 200 latency=0.128s
[2026-07-26T05:57:38.108986Z] test         probe=  19 status= 200 latency=0.117s
[2026-07-26T05:57:38.108701Z] internet     probe=  19 status= 200 latency=0.132s
[2026-07-26T05:57:39.108895Z] test         probe=  20 status= 200 latency=0.107s
[2026-07-26T05:57:39.108667Z] internet     probe=  20 status= 200 latency=0.115s
[2026-07-26T05:57:40.109261Z] test         probe=  21 status= 200 latency=0.108s
[2026-07-26T05:57:40.108809Z] internet     probe=  21 status= 200 latency=0.119s
[2026-07-26T05:57:41.109592Z] test         probe=  22 status= 200 latency=0.107s
[2026-07-26T05:57:41.108992Z] internet     probe=  22 status= 200 latency=0.124s
[2026-07-26T05:57:42.109220Z] test         probe=  23 status= 200 latency=0.107s
[2026-07-26T05:57:42.108833Z] internet     probe=  23 status= 200 latency=0.126s
[2026-07-26T05:57:43.109304Z] test         probe=  24 status= 200 latency=0.108s
[2026-07-26T05:57:43.108768Z] internet     probe=  24 status= 200 latency=0.119s
[2026-07-26T05:57:44.109433Z] test         probe=  25 status= 200 latency=0.108s
[2026-07-26T05:57:44.108872Z] internet     probe=  25 status= 200 latency=0.117s
[2026-07-26T05:57:45.109046Z] test         probe=  26 status= 200 latency=0.108s
[2026-07-26T05:57:45.108749Z] internet     probe=  26 status= 200 latency=0.114s
[2026-07-26T05:57:46.109549Z] test         probe=  27 status= 200 latency=0.107s
[2026-07-26T05:57:46.108894Z] internet     probe=  27 status= 200 latency=0.128s
[2026-07-26T05:57:47.109442Z] test         probe=  28 status= 200 latency=0.108s
[2026-07-26T05:57:47.108971Z] internet     probe=  28 status= 200 latency=0.125s
[2026-07-26T05:57:48.109412Z] test         probe=  29 status= 200 latency=0.108s
[2026-07-26T05:57:48.108978Z] internet     probe=  29 status= 200 latency=0.129s
[2026-07-26T05:57:49.109420Z] test         probe=  30 status= 200 latency=0.107s
[2026-07-26T05:57:49.108985Z] internet     probe=  30 status= 200 latency=0.138s
[2026-07-26T05:57:50.109538Z] test         probe=  31 status= 200 latency=0.108s
[2026-07-26T05:57:50.108956Z] internet     probe=  31 status= 200 latency=0.122s
[2026-07-26T05:57:51.109031Z] test         probe=  32 status= 200 latency=0.107s
[2026-07-26T05:57:51.108788Z] internet     probe=  32 status= 200 latency=0.117s
[2026-07-26T05:57:52.109245Z] test         probe=  33 status= 200 latency=0.108s
[2026-07-26T05:57:52.108904Z] internet     probe=  33 status= 200 latency=0.120s
[2026-07-26T05:57:53.108981Z] test         probe=  34 status= 200 latency=0.107s
[2026-07-26T05:57:53.108695Z] internet     probe=  34 status= 200 latency=0.114s
[2026-07-26T05:57:54.109065Z] test         probe=  35 status= 200 latency=0.108s
[2026-07-26T05:57:54.108744Z] internet     probe=  35 status= 200 latency=0.119s
[2026-07-26T05:57:55.109025Z] test         probe=  36 status= 200 latency=0.108s
[2026-07-26T05:57:55.108717Z] internet     probe=  36 status= 200 latency=0.122s
[2026-07-26T05:57:56.109477Z] test         probe=  37 status= 200 latency=0.108s
[2026-07-26T05:57:56.108900Z] internet     probe=  37 status= 200 latency=0.116s
[2026-07-26T05:57:57.109213Z] test         probe=  38 status= 200 latency=0.109s
[2026-07-26T05:57:57.108881Z] internet     probe=  38 status= 200 latency=0.121s
[2026-07-26T05:57:58.109482Z] test         probe=  39 status= 200 latency=0.109s
[2026-07-26T05:57:58.108923Z] internet     probe=  39 status= 200 latency=0.126s
[2026-07-26T05:57:59.109303Z] test         probe=  40 status= 200 latency=0.108s
[2026-07-26T05:57:59.108955Z] internet     probe=  40 status= 200 latency=0.123s
[2026-07-26T05:58:00.109336Z] test         probe=  41 status= 200 latency=0.108s
[2026-07-26T05:58:00.108863Z] internet     probe=  41 status= 200 latency=0.138s
[2026-07-26T05:58:01.108970Z] test         probe=  42 status= 200 latency=0.108s
[2026-07-26T05:58:01.108733Z] internet     probe=  42 status= 200 latency=0.121s
[2026-07-26T05:58:02.109536Z] test         probe=  43 status= 200 latency=0.107s
[2026-07-26T05:58:02.108902Z] internet     probe=  43 status= 200 latency=0.127s
[2026-07-26T05:58:03.109186Z] test         probe=  44 status= 200 latency=0.108s
[2026-07-26T05:58:03.108864Z] internet     probe=  44 status= 200 latency=0.124s
[2026-07-26T05:58:04.109341Z] test         probe=  45 status= 200 latency=0.108s
[2026-07-26T05:58:04.108888Z] internet     probe=  45 status= 200 latency=0.125s
[2026-07-26T05:58:05.109212Z] test         probe=  46 status= 200 latency=0.108s
[2026-07-26T05:58:05.108866Z] internet     probe=  46 status= 200 latency=0.124s
[2026-07-26T05:58:06.109106Z] test         probe=  47 status= 200 latency=0.108s
[2026-07-26T05:58:06.108694Z] internet     probe=  47 status= 200 latency=0.127s
[2026-07-26T05:58:07.109243Z] test         probe=  48 status= 200 latency=0.108s
[2026-07-26T05:58:07.108758Z] internet     probe=  48 status= 200 latency=0.117s
[2026-07-26T05:58:08.109072Z] test         probe=  49 status= 200 latency=0.108s
[2026-07-26T05:58:08.108799Z] internet     probe=  49 status= 200 latency=0.122s
[2026-07-26T05:58:09.109259Z] test         probe=  50 status= 200 latency=0.109s
[2026-07-26T05:58:09.108819Z] internet     probe=  50 status= 200 latency=0.116s
[2026-07-26T05:58:10.109252Z] test         probe=  51 status= 200 latency=0.108s
[2026-07-26T05:58:10.108894Z] internet     probe=  51 status= 200 latency=0.127s
[2026-07-26T05:58:11.109197Z] test         probe=  52 status= 200 latency=0.121s
[2026-07-26T05:58:11.108771Z] internet     probe=  52 status= 200 latency=0.133s
[2026-07-26T05:58:12.109294Z] test         probe=  53 status= 200 latency=0.107s
[2026-07-26T05:58:12.108781Z] internet     probe=  53 status= 200 latency=0.129s
[2026-07-26T05:58:13.109244Z] test         probe=  54 status= 200 latency=0.109s
[2026-07-26T05:58:13.108837Z] internet     probe=  54 status= 200 latency=0.127s
[2026-07-26T05:58:14.109031Z] test         probe=  55 status= 200 latency=0.108s
[2026-07-26T05:58:14.108748Z] internet     probe=  55 status= 200 latency=0.119s
[2026-07-26T05:58:15.109112Z] test         probe=  56 status= 200 latency=0.107s
[2026-07-26T05:58:15.108777Z] internet     probe=  56 status= 200 latency=0.119s
[2026-07-26T05:58:16.109293Z] test         probe=  57 status= 200 latency=0.108s
[2026-07-26T05:58:16.108888Z] internet     probe=  57 status= 200 latency=0.122s
[2026-07-26T05:58:17.109290Z] test         probe=  58 status= 200 latency=0.108s
[2026-07-26T05:58:17.108832Z] internet     probe=  58 status= 200 latency=0.125s
[2026-07-26T05:58:18.109060Z] test         probe=  59 status= 200 latency=0.108s
[2026-07-26T05:58:18.108800Z] internet     probe=  59 status= 200 latency=0.125s
[2026-07-26T05:58:19.109096Z] test         probe=  60 status= 200 latency=0.108s
[2026-07-26T05:58:19.108812Z] internet     probe=  60 status= 200 latency=0.120s
[2026-07-26T05:58:20.109100Z] test         probe=  61 status= 200 latency=0.108s
[2026-07-26T05:58:20.108882Z] internet     probe=  61 status= 200 latency=0.117s
[2026-07-26T05:58:21.109438Z] test         probe=  62 status= 200 latency=0.117s
[2026-07-26T05:58:21.108984Z] internet     probe=  62 status= 200 latency=0.126s
[2026-07-26T05:58:22.109203Z] test         probe=  63 status= 200 latency=0.108s
[2026-07-26T05:58:22.108843Z] internet     probe=  63 status= 200 latency=0.120s
[2026-07-26T05:58:23.109490Z] test         probe=  64 status= 200 latency=0.108s
[2026-07-26T05:58:23.108976Z] internet     probe=  64 status= 200 latency=0.121s
[2026-07-26T05:58:24.109625Z] test         probe=  65 status= 200 latency=0.108s
[2026-07-26T05:58:24.109024Z] internet     probe=  65 status= 200 latency=0.126s
[2026-07-26T05:58:25.109244Z] test         probe=  66 status= 200 latency=0.108s
[2026-07-26T05:58:25.108852Z] internet     probe=  66 status= 200 latency=0.118s
[2026-07-26T05:58:26.109264Z] test         probe=  67 status= 200 latency=0.108s
[2026-07-26T05:58:26.108867Z] internet     probe=  67 status= 200 latency=0.121s
[2026-07-26T05:58:27.109218Z] test         probe=  68 status= 200 latency=0.109s
[2026-07-26T05:58:27.108804Z] internet     probe=  68 status= 200 latency=0.121s
[2026-07-26T05:58:28.109219Z] test         probe=  69 status= 200 latency=0.109s
[2026-07-26T05:58:28.108795Z] internet     probe=  69 status= 200 latency=0.123s
[2026-07-26T05:58:29.109297Z] test         probe=  70 status= 200 latency=0.107s
[2026-07-26T05:58:29.108805Z] internet     probe=  70 status= 200 latency=0.123s
[2026-07-26T05:58:30.109067Z] test         probe=  71 status= 200 latency=0.121s
[2026-07-26T05:58:30.108779Z] internet     probe=  71 status= 200 latency=0.129s
[2026-07-26T05:58:31.109274Z] test         probe=  72 status= 200 latency=0.113s
[2026-07-26T05:58:31.108899Z] internet     probe=  72 status= 200 latency=0.127s
[2026-07-26T05:58:32.109236Z] test         probe=  73 status= 200 latency=0.118s
[2026-07-26T05:58:32.108802Z] internet     probe=  73 status= 200 latency=0.142s
[2026-07-26T05:58:33.109533Z] test         probe=  74 status= 200 latency=0.107s
[2026-07-26T05:58:33.109022Z] internet     probe=  74 status= 200 latency=0.124s
[2026-07-26T05:58:34.109247Z] test         probe=  75 status= 200 latency=0.107s
[2026-07-26T05:58:34.108842Z] internet     probe=  75 status= 200 latency=0.128s
[2026-07-26T05:58:35.109068Z] test         probe=  76 status= 200 latency=0.108s
[2026-07-26T05:58:35.108776Z] internet     probe=  76 status= 200 latency=0.124s
[2026-07-26T05:58:36.109036Z] test         probe=  77 status= 200 latency=0.107s
[2026-07-26T05:58:36.108700Z] internet     probe=  77 status= 200 latency=0.117s
[2026-07-26T05:58:37.109097Z] test         probe=  78 status= 200 latency=0.108s
[2026-07-26T05:58:37.108805Z] internet     probe=  78 status= 200 latency=0.125s
[2026-07-26T05:58:38.109036Z] test         probe=  79 status= 200 latency=0.108s
[2026-07-26T05:58:38.108773Z] internet     probe=  79 status= 200 latency=0.117s
[2026-07-26T05:58:39.109183Z] test         probe=  80 status= 200 latency=0.108s
[2026-07-26T05:58:39.108807Z] internet     probe=  80 status= 200 latency=0.122s
[2026-07-26T05:58:40.108957Z] test         probe=  81 status= 200 latency=0.107s
[2026-07-26T05:58:40.108665Z] internet     probe=  81 status= 200 latency=0.119s
[2026-07-26T05:58:41.109237Z] test         probe=  82 status= 200 latency=0.107s
[2026-07-26T05:58:41.108887Z] internet     probe=  82 status= 200 latency=0.127s
[2026-07-26T05:58:42.109168Z] test         probe=  83 status= 200 latency=0.115s
[2026-07-26T05:58:42.108814Z] internet     probe=  83 status= 200 latency=0.124s
[2026-07-26T05:58:43.109049Z] test         probe=  84 status= 200 latency=0.108s
[2026-07-26T05:58:43.108743Z] internet     probe=  84 status= 200 latency=0.117s
[2026-07-26T05:58:44.109087Z] test         probe=  85 status= 200 latency=0.108s
[2026-07-26T05:58:44.108740Z] internet     probe=  85 status= 200 latency=0.117s
[2026-07-26T05:58:45.108981Z] test         probe=  86 status= 200 latency=0.107s
[2026-07-26T05:58:45.108687Z] internet     probe=  86 status= 200 latency=0.116s
[2026-07-26T05:58:46.109040Z] test         probe=  87 status= 200 latency=0.106s
[2026-07-26T05:58:46.108694Z] internet     probe=  87 status= 200 latency=0.118s
[2026-07-26T05:58:47.109556Z] test         probe=  88 status= 200 latency=0.109s
[2026-07-26T05:58:47.108974Z] internet     probe=  88 status= 200 latency=0.128s
[2026-07-26T05:58:48.109117Z] test         probe=  89 status= 200 latency=0.108s
[2026-07-26T05:58:48.108828Z] internet     probe=  89 status= 200 latency=0.123s
[2026-07-26T05:58:49.108919Z] test         probe=  90 status= 200 latency=0.108s
[2026-07-26T05:58:49.108671Z] internet     probe=  90 status= 200 latency=0.120s
[2026-07-26T05:58:50.109503Z] test         probe=  91 status= 200 latency=0.108s
[2026-07-26T05:58:50.108814Z] internet     probe=  91 status= 200 latency=0.126s
[2026-07-26T05:58:51.109155Z] test         probe=  92 status= 200 latency=0.108s
[2026-07-26T05:58:51.108803Z] internet     probe=  92 status= 200 latency=0.126s
[2026-07-26T05:58:52.109029Z] test         probe=  93 status= 200 latency=0.108s
[2026-07-26T05:58:52.108710Z] internet     probe=  93 status= 200 latency=0.123s
[2026-07-26T05:58:53.109227Z] test         probe=  94 status= 200 latency=0.116s
[2026-07-26T05:58:53.108977Z] internet     probe=  94 status= 200 latency=0.127s
[2026-07-26T05:58:54.109290Z] test         probe=  95 status= 200 latency=0.108s
[2026-07-26T05:58:54.108837Z] internet     probe=  95 status= 200 latency=0.120s
[2026-07-26T05:58:55.109356Z] test         probe=  96 status= 200 latency=0.108s
[2026-07-26T05:58:55.108960Z] internet     probe=  96 status= 200 latency=0.117s
[2026-07-26T05:58:56.108916Z] test         probe=  97 status= 200 latency=0.107s
[2026-07-26T05:58:56.108605Z] internet     probe=  97 status= 200 latency=0.120s
[2026-07-26T05:58:57.109001Z] test         probe=  98 status= 200 latency=0.108s
[2026-07-26T05:58:57.108740Z] internet     probe=  98 status= 200 latency=0.116s
[2026-07-26T05:58:58.109480Z] test         probe=  99 status= 200 latency=0.107s
[2026-07-26T05:58:58.108924Z] internet     probe=  99 status= 200 latency=0.124s
[2026-07-26T05:58:59.109621Z] test         probe= 100 status= 200 latency=0.107s
[2026-07-26T05:58:59.108906Z] internet     probe= 100 status= 200 latency=0.127s
[2026-07-26T05:59:00.108999Z] test         probe= 101 status= 200 latency=0.108s
[2026-07-26T05:59:00.108741Z] internet     probe= 101 status= 200 latency=0.119s
[2026-07-26T05:59:01.109346Z] test         probe= 102 status= 200 latency=0.108s
[2026-07-26T05:59:01.108874Z] internet     probe= 102 status= 200 latency=0.121s
[2026-07-26T05:59:02.109316Z] test         probe= 103 status= 200 latency=0.107s
[2026-07-26T05:59:02.108847Z] internet     probe= 103 status= 200 latency=0.118s
[2026-07-26T05:59:03.109142Z] test         probe= 104 status= 200 latency=0.123s
[2026-07-26T05:59:03.108775Z] internet     probe= 104 status= 200 latency=0.129s
[2026-07-26T05:59:04.110028Z] test         probe= 105 status= 200 latency=0.108s
[2026-07-26T05:59:04.108885Z] internet     probe= 105 status= 200 latency=0.119s
[2026-07-26T05:59:05.109112Z] test         probe= 106 status= 200 latency=0.108s
[2026-07-26T05:59:05.108773Z] internet     probe= 106 status= 200 latency=0.119s
[2026-07-26T05:59:06.108993Z] test         probe= 107 status= 200 latency=0.108s
[2026-07-26T05:59:06.108661Z] internet     probe= 107 status= 200 latency=0.126s
[2026-07-26T05:59:07.109312Z] test         probe= 108 status= 200 latency=0.109s
[2026-07-26T05:59:07.108848Z] internet     probe= 108 status= 200 latency=0.126s
[2026-07-26T05:59:08.109105Z] test         probe= 109 status= 200 latency=0.108s
[2026-07-26T05:59:08.108713Z] internet     probe= 109 status= 200 latency=0.126s
[2026-07-26T05:59:09.109356Z] test         probe= 110 status= 200 latency=0.107s
[2026-07-26T05:59:09.108875Z] internet     probe= 110 status= 200 latency=0.128s
[2026-07-26T05:59:10.108991Z] test         probe= 111 status= 200 latency=0.107s
[2026-07-26T05:59:10.108721Z] internet     probe= 111 status= 200 latency=0.115s
[2026-07-26T05:59:11.109054Z] test         probe= 112 status= 200 latency=0.108s
[2026-07-26T05:59:11.108754Z] internet     probe= 112 status= 200 latency=0.119s
[2026-07-26T05:59:12.109341Z] test         probe= 113 status= 200 latency=0.108s
[2026-07-26T05:59:12.108882Z] internet     probe= 113 status= 200 latency=0.124s
[2026-07-26T05:59:13.109354Z] test         probe= 114 status= 200 latency=0.108s
[2026-07-26T05:59:13.108890Z] internet     probe= 114 status= 200 latency=0.127s
[2026-07-26T05:59:14.109235Z] test         probe= 115 status= 200 latency=0.117s
[2026-07-26T05:59:14.108855Z] internet     probe= 115 status= 200 latency=0.132s
[2026-07-26T05:59:15.110342Z] test         probe= 116 status= 200 latency=0.107s
[2026-07-26T05:59:15.108913Z] internet     probe= 116 status= 200 latency=0.120s
[2026-07-26T05:59:16.109156Z] test         probe= 117 status= 200 latency=0.108s
[2026-07-26T05:59:16.108860Z] internet     probe= 117 status= 200 latency=0.116s
[2026-07-26T05:59:17.109478Z] test         probe= 118 status= 200 latency=0.108s
[2026-07-26T05:59:17.108917Z] internet     probe= 118 status= 200 latency=0.119s
[2026-07-26T05:59:18.109002Z] test         probe= 119 status= 200 latency=0.107s
[2026-07-26T05:59:18.108766Z] internet     probe= 119 status= 200 latency=0.117s
[2026-07-26T05:59:19.109729Z] test         probe= 120 status= 200 latency=0.108s
[2026-07-26T05:59:19.108982Z] internet     probe= 120 status= 200 latency=0.129s
[2026-07-26T05:59:20.109355Z] test         probe= 121 status= 200 latency=0.108s
[2026-07-26T05:59:20.108946Z] internet     probe= 121 status= 200 latency=0.126s
[2026-07-26T05:59:21.109427Z] test         probe= 122 status= 200 latency=0.108s
[2026-07-26T05:59:21.108948Z] internet     probe= 122 status= 200 latency=0.121s
[2026-07-26T05:59:22.109226Z] test         probe= 123 status= 200 latency=0.108s
[2026-07-26T05:59:22.108870Z] internet     probe= 123 status= 200 latency=0.126s
[2026-07-26T05:59:23.109313Z] test         probe= 124 status= 200 latency=0.108s
[2026-07-26T05:59:23.108953Z] internet     probe= 124 status= 200 latency=0.127s
[2026-07-26T05:59:24.109309Z] test         probe= 125 status= 200 latency=0.118s
[2026-07-26T05:59:24.108949Z] internet     probe= 125 status= 200 latency=0.131s
[2026-07-26T05:59:25.109002Z] test         probe= 126 status= 200 latency=0.107s
[2026-07-26T05:59:25.108699Z] internet     probe= 126 status= 200 latency=0.114s
[2026-07-26T05:59:26.109210Z] test         probe= 127 status= 200 latency=0.108s
[2026-07-26T05:59:26.108867Z] internet     probe= 127 status= 200 latency=0.121s
[2026-07-26T05:59:27.109265Z] test         probe= 128 status= 200 latency=0.107s
[2026-07-26T05:59:27.108856Z] internet     probe= 128 status= 200 latency=0.125s
[2026-07-26T05:59:28.109075Z] test         probe= 129 status= 200 latency=0.108s
[2026-07-26T05:59:28.108754Z] internet     probe= 129 status= 200 latency=0.126s
[2026-07-26T05:59:29.108938Z] test         probe= 130 status= 200 latency=0.107s
[2026-07-26T05:59:29.108711Z] internet     probe= 130 status= 200 latency=0.115s
[2026-07-26T05:59:30.109161Z] test         probe= 131 status= 200 latency=0.109s
[2026-07-26T05:59:30.108816Z] internet     probe= 131 status= 200 latency=0.120s
[2026-07-26T05:59:31.109073Z] test         probe= 132 status= 200 latency=0.107s
[2026-07-26T05:59:31.108840Z] internet     probe= 132 status= 200 latency=0.116s
[2026-07-26T05:59:32.109184Z] test         probe= 133 status= 200 latency=0.108s
[2026-07-26T05:59:32.108713Z] internet     probe= 133 status= 200 latency=0.123s
[2026-07-26T05:59:33.109248Z] test         probe= 134 status= 200 latency=0.107s
[2026-07-26T05:59:33.108826Z] internet     probe= 134 status= 200 latency=0.127s
[2026-07-26T05:59:34.109189Z] test         probe= 135 status= 200 latency=0.107s
[2026-07-26T05:59:34.108716Z] internet     probe= 135 status= 200 latency=0.120s
[2026-07-26T05:59:35.109081Z] test         probe= 136 status= 200 latency=0.115s
[2026-07-26T05:59:35.108744Z] internet     probe= 136 status= 200 latency=0.126s
[2026-07-26T05:59:36.109045Z] test         probe= 137 status= 200 latency=0.107s
[2026-07-26T05:59:36.108706Z] internet     probe= 137 status= 200 latency=0.117s
[2026-07-26T05:59:37.109330Z] test         probe= 138 status= 200 latency=0.111s
[2026-07-26T05:59:37.108693Z] internet     probe= 138 status= 200 latency=0.121s
[2026-07-26T05:59:38.110087Z] test         probe= 139 status= 200 latency=0.109s
[2026-07-26T05:59:38.108570Z] internet     probe= 139 status= 200 latency=0.116s
[2026-07-26T05:59:39.109091Z] test         probe= 140 status= 200 latency=0.109s
[2026-07-26T05:59:39.108754Z] internet     probe= 140 status= 200 latency=0.129s
[2026-07-26T05:59:40.109243Z] test         probe= 141 status= 200 latency=0.108s
[2026-07-26T05:59:40.108886Z] internet     probe= 141 status= 200 latency=0.115s
[2026-07-26T05:59:41.109026Z] test         probe= 142 status= 200 latency=0.107s
[2026-07-26T05:59:41.108739Z] internet     probe= 142 status= 200 latency=0.122s
[2026-07-26T05:59:42.108977Z] test         probe= 143 status= 200 latency=0.107s
[2026-07-26T05:59:42.108590Z] internet     probe= 143 status= 200 latency=0.115s
[2026-07-26T05:59:43.109321Z] test         probe= 144 status= 200 latency=0.108s
[2026-07-26T05:59:43.108712Z] internet     probe= 144 status= 200 latency=0.116s
[2026-07-26T05:59:44.109117Z] test         probe= 145 status= 200 latency=0.108s
[2026-07-26T05:59:44.108840Z] internet     probe= 145 status= 200 latency=0.117s
[2026-07-26T05:59:45.108966Z] test         probe= 146 status= 200 latency=0.124s
[2026-07-26T05:59:45.108699Z] internet     probe= 146 status= 200 latency=0.133s
[2026-07-26T05:59:46.108920Z] test         probe= 147 status= 200 latency=0.107s
[2026-07-26T05:59:46.108640Z] internet     probe= 147 status= 200 latency=0.120s
[2026-07-26T05:59:47.109671Z] test         probe= 148 status= 200 latency=0.109s
[2026-07-26T05:59:47.109386Z] internet     probe= 148 status= 200 latency=0.129s
[2026-07-26T05:59:48.109119Z] test         probe= 149 status= 200 latency=0.110s
[2026-07-26T05:59:48.108791Z] internet     probe= 149 status= 200 latency=0.127s
[2026-07-26T05:59:49.108999Z] test         probe= 150 status= 200 latency=0.115s
[2026-07-26T05:59:49.108733Z] internet     probe= 150 status= 200 latency=0.125s
[2026-07-26T05:59:50.109120Z] test         probe= 151 status= 200 latency=0.108s
[2026-07-26T05:59:50.108758Z] internet     probe= 151 status= 200 latency=0.122s
[2026-07-26T05:59:51.109411Z] test         probe= 152 status= 200 latency=0.107s
[2026-07-26T05:59:51.108569Z] internet     probe= 152 status= 200 latency=0.114s
[2026-07-26T05:59:52.109653Z] test         probe= 153 status= 200 latency=0.106s
[2026-07-26T05:59:52.108628Z] internet     probe= 153 status= 200 latency=0.116s
[2026-07-26T05:59:53.109252Z] test         probe= 154 status= 200 latency=0.108s
[2026-07-26T05:59:53.108851Z] internet     probe= 154 status= 200 latency=0.119s
[2026-07-26T05:59:54.108785Z] test         probe= 155 status= 200 latency=0.107s
[2026-07-26T05:59:54.108567Z] internet     probe= 155 status= 200 latency=0.115s
[2026-07-26T05:59:55.111846Z] test         probe= 156 status= 200 latency=0.107s
[2026-07-26T05:59:55.108768Z] internet     probe= 156 status= 200 latency=0.119s
[2026-07-26T05:59:56.109040Z] test         probe= 157 status= 200 latency=0.108s
[2026-07-26T05:59:56.108790Z] internet     probe= 157 status= 200 latency=0.140s
[2026-07-26T05:59:57.108948Z] test         probe= 158 status= 200 latency=0.108s
[2026-07-26T05:59:57.108637Z] internet     probe= 158 status= 200 latency=0.117s
[2026-07-26T05:59:58.109101Z] test         probe= 159 status= 200 latency=0.107s
[2026-07-26T05:59:58.108797Z] internet     probe= 159 status= 200 latency=0.116s
[2026-07-26T05:59:59.109050Z] test         probe= 160 status= 200 latency=0.108s
[2026-07-26T05:59:59.108770Z] internet     probe= 160 status= 200 latency=0.127s
[2026-07-26T06:00:00.109608Z] test         probe= 161 status= 200 latency=0.110s
[2026-07-26T06:00:00.108526Z] internet     probe= 161 status= 200 latency=0.117s
[2026-07-26T06:00:01.108995Z] test         probe= 162 status= 200 latency=0.109s
[2026-07-26T06:00:01.108628Z] internet     probe= 162 status= 200 latency=0.117s
[2026-07-26T06:00:02.108964Z] test         probe= 163 status= 200 latency=0.105s
[2026-07-26T06:00:02.108640Z] internet     probe= 163 status= 200 latency=0.114s
[2026-07-26T06:00:03.108796Z] test         probe= 164 status= 200 latency=0.104s
[2026-07-26T06:00:03.108554Z] internet     probe= 164 status= 200 latency=0.111s
[2026-07-26T06:00:04.109250Z] test         probe= 165 status= 200 latency=0.106s
[2026-07-26T06:00:04.108923Z] internet     probe= 165 status= 200 latency=0.116s
[2026-07-26T06:00:05.109103Z] test         probe= 166 status= 200 latency=0.106s
[2026-07-26T06:00:05.108794Z] internet     probe= 166 status= 200 latency=0.117s
[2026-07-26T06:00:06.108833Z] test         probe= 167 status= 200 latency=0.104s
[2026-07-26T06:00:06.108601Z] internet     probe= 167 status= 200 latency=0.118s
[2026-07-26T06:00:07.108806Z] test         probe= 168 status= 200 latency=0.121s
[2026-07-26T06:00:07.108585Z] internet     probe= 168 status= 200 latency=0.128s
[2026-07-26T06:00:08.108801Z] test         probe= 169 status= 200 latency=0.105s
[2026-07-26T06:00:08.108544Z] internet     probe= 169 status= 200 latency=0.113s
[2026-07-26T06:00:09.109340Z] test         probe= 170 status= 200 latency=0.104s
[2026-07-26T06:00:09.108928Z] internet     probe= 170 status= 200 latency=0.116s
[2026-07-26T06:00:10.108770Z] test         probe= 171 status= 200 latency=0.107s
[2026-07-26T06:00:10.108546Z] internet     probe= 171 status= 200 latency=0.112s
[2026-07-26T06:00:11.109208Z] test         probe= 172 status= 200 latency=0.105s
[2026-07-26T06:00:11.108863Z] internet     probe= 172 status= 200 latency=0.117s
[2026-07-26T06:00:12.109161Z] test         probe= 173 status= 200 latency=0.106s
[2026-07-26T06:00:12.108809Z] internet     probe= 173 status= 200 latency=0.120s
[2026-07-26T06:00:13.109281Z] test         probe= 174 status= 200 latency=0.105s
[2026-07-26T06:00:13.108869Z] internet     probe= 174 status= 200 latency=0.119s
[2026-07-26T06:00:14.109243Z] test         probe= 175 status= 200 latency=0.106s
[2026-07-26T06:00:14.108661Z] internet     probe= 175 status= 200 latency=0.114s
[2026-07-26T06:00:15.109396Z] test         probe= 176 status= 200 latency=0.106s
[2026-07-26T06:00:15.108895Z] internet     probe= 176 status= 200 latency=0.115s
[2026-07-26T06:00:16.109178Z] test         probe= 177 status= 200 latency=0.106s
[2026-07-26T06:00:16.108818Z] internet     probe= 177 status= 200 latency=0.117s
[2026-07-26T06:00:17.109087Z] test         probe= 178 status= 200 latency=0.113s
[2026-07-26T06:00:17.108741Z] internet     probe= 178 status= 200 latency=0.123s
[2026-07-26T06:00:18.109272Z] test         probe= 179 status= 200 latency=0.105s
[2026-07-26T06:00:18.108803Z] internet     probe= 179 status= 200 latency=0.113s
[2026-07-26T06:00:19.109010Z] test         probe= 180 status= 200 latency=0.154s
[2026-07-26T06:00:19.108708Z] internet     probe= 180 status= 200 latency=0.164s
[2026-07-26T06:00:20.109009Z] test         probe= 181 status= 200 latency=0.105s
[2026-07-26T06:00:20.108710Z] internet     probe= 181 status= 200 latency=0.116s
[2026-07-26T06:00:21.109382Z] test         probe= 182 status= 200 latency=0.106s
[2026-07-26T06:00:21.109015Z] internet     probe= 182 status= 200 latency=0.117s
[2026-07-26T06:00:22.109161Z] test         probe= 183 status= 200 latency=0.105s
[2026-07-26T06:00:22.108846Z] internet     probe= 183 status= 200 latency=0.113s
[2026-07-26T06:00:23.109430Z] test         probe= 184 status= 200 latency=0.105s
[2026-07-26T06:00:23.108977Z] internet     probe= 184 status= 200 latency=0.125s
[2026-07-26T06:00:24.109260Z] test         probe= 185 status= 200 latency=0.107s
[2026-07-26T06:00:24.108854Z] internet     probe= 185 status= 200 latency=0.124s
[2026-07-26T06:00:25.108634Z] internet     probe= 186 status= 200 latency=0.162s
[2026-07-26T06:00:25.108880Z] test         probe= 186 status= 200 latency=0.263s
[2026-07-26T06:00:26.108937Z] test         probe= 187 status= 200 latency=0.125s
[2026-07-26T06:00:26.108699Z] internet     probe= 187 status= 200 latency=0.126s
[2026-07-26T06:00:27.108934Z] test         probe= 188 status= 200 latency=0.104s
[2026-07-26T06:00:27.108675Z] internet     probe= 188 status= 200 latency=0.113s
[2026-07-26T06:00:28.109340Z] test         probe= 189 status= 200 latency=0.106s
[2026-07-26T06:00:28.108857Z] internet     probe= 189 status= 200 latency=0.125s
[2026-07-26T06:00:29.109505Z] test         probe= 190 status= 200 latency=0.106s
[2026-07-26T06:00:29.109095Z] internet     probe= 190 status= 200 latency=0.127s
[2026-07-26T06:00:30.109358Z] test         probe= 191 status= 200 latency=0.104s
[2026-07-26T06:00:30.108973Z] internet     probe= 191 status= 200 latency=0.124s
[2026-07-26T06:00:31.108993Z] test         probe= 192 status= 200 latency=0.105s
[2026-07-26T06:00:31.108710Z] internet     probe= 192 status= 200 latency=0.113s
[2026-07-26T06:00:32.108887Z] test         probe= 193 status= 200 latency=0.104s
[2026-07-26T06:00:32.108601Z] internet     probe= 193 status= 200 latency=0.120s
[2026-07-26T06:00:33.108989Z] test         probe= 194 status= 200 latency=0.105s
[2026-07-26T06:00:33.108745Z] internet     probe= 194 status= 200 latency=0.117s
[2026-07-26T06:00:34.109154Z] test         probe= 195 status= 200 latency=0.105s
[2026-07-26T06:00:34.108676Z] internet     probe= 195 status= 200 latency=0.113s
[2026-07-26T06:00:35.108901Z] test         probe= 196 status= 200 latency=0.104s
[2026-07-26T06:00:35.108640Z] internet     probe= 196 status= 200 latency=0.113s
[2026-07-26T06:00:36.111137Z] test         probe= 197 status= 200 latency=0.110s
[2026-07-26T06:00:36.110796Z] internet     probe= 197 status= 200 latency=0.133s
[2026-07-26T06:00:37.108917Z] test         probe= 198 status= 200 latency=0.108s
[2026-07-26T06:00:37.108614Z] internet     probe= 198 status= 200 latency=0.113s
[2026-07-26T06:00:38.109282Z] test         probe= 199 status= 200 latency=0.106s
[2026-07-26T06:00:38.108874Z] internet     probe= 199 status= 200 latency=0.115s
[2026-07-26T06:00:39.109305Z] test         probe= 200 status= 200 latency=0.120s
[2026-07-26T06:00:39.108887Z] internet     probe= 200 status= 200 latency=0.142s
[2026-07-26T06:00:40.108628Z] test         probe= 201 status= 200 latency=0.104s
[2026-07-26T06:00:40.108463Z] internet     probe= 201 status= 200 latency=0.112s
[2026-07-26T06:00:41.109026Z] test         probe= 202 status= 200 latency=0.105s
[2026-07-26T06:00:41.108517Z] internet     probe= 202 status= 200 latency=0.118s
[2026-07-26T06:00:42.109229Z] test         probe= 203 status= 200 latency=0.105s
[2026-07-26T06:00:42.108883Z] internet     probe= 203 status= 200 latency=0.127s
[2026-07-26T06:00:43.109128Z] test         probe= 204 status= 200 latency=0.106s
[2026-07-26T06:00:43.108739Z] internet     probe= 204 status= 200 latency=0.124s
[2026-07-26T06:00:44.109412Z] test         probe= 205 status= 200 latency=0.106s
[2026-07-26T06:00:44.108866Z] internet     probe= 205 status= 200 latency=0.124s
[2026-07-26T06:00:45.109178Z] test         probe= 206 status= 200 latency=0.106s
[2026-07-26T06:00:45.108766Z] internet     probe= 206 status= 200 latency=0.124s
[2026-07-26T06:00:46.109151Z] test         probe= 207 status= 200 latency=0.125s
[2026-07-26T06:00:46.108791Z] internet     probe= 207 status= 200 latency=0.407s
[2026-07-26T06:00:47.108793Z] test         probe= 208 status= 200 latency=0.105s
[2026-07-26T06:00:47.108582Z] internet     probe= 208 status= 200 latency=0.113s
[2026-07-26T06:00:48.108928Z] test         probe= 209 status= 200 latency=0.107s
[2026-07-26T06:00:48.108661Z] internet     probe= 209 status= 200 latency=0.116s
[2026-07-26T06:00:49.109147Z] test         probe= 210 status= 200 latency=0.113s
[2026-07-26T06:00:49.108700Z] internet     probe= 210 status= 200 latency=0.129s
[2026-07-26T06:00:50.109144Z] test         probe= 211 status= 200 latency=0.105s
[2026-07-26T06:00:50.108697Z] internet     probe= 211 status= 200 latency=0.127s
[2026-07-26T06:00:51.109067Z] test         probe= 212 status= 200 latency=0.105s
[2026-07-26T06:00:51.108627Z] internet     probe= 212 status= 200 latency=0.117s
[2026-07-26T06:00:52.109559Z] test         probe= 213 status= 200 latency=0.107s
[2026-07-26T06:00:52.108884Z] internet     probe= 213 status= 200 latency=0.125s
[2026-07-26T06:00:53.109213Z] test         probe= 214 status= 200 latency=0.105s
[2026-07-26T06:00:53.108702Z] internet     probe= 214 status= 200 latency=0.123s
[2026-07-26T06:00:54.109246Z] test         probe= 215 status= 200 latency=0.105s
[2026-07-26T06:00:54.108897Z] internet     probe= 215 status= 200 latency=0.123s
[2026-07-26T06:00:55.108969Z] test         probe= 216 status= 200 latency=0.105s
[2026-07-26T06:00:55.108743Z] internet     probe= 216 status= 200 latency=0.120s
[2026-07-26T06:00:56.108972Z] test         probe= 217 status= 200 latency=0.105s
[2026-07-26T06:00:56.108658Z] internet     probe= 217 status= 200 latency=0.113s
[2026-07-26T06:00:57.109098Z] test         probe= 218 status= 200 latency=0.104s
[2026-07-26T06:00:57.108781Z] internet     probe= 218 status= 200 latency=0.116s
[2026-07-26T06:00:58.109079Z] test         probe= 219 status= 200 latency=0.106s
[2026-07-26T06:00:58.108703Z] internet     probe= 219 status= 200 latency=0.120s
[2026-07-26T06:00:59.109029Z] test         probe= 220 status= 200 latency=0.105s
[2026-07-26T06:00:59.108722Z] internet     probe= 220 status= 200 latency=0.123s
[2026-07-26T06:01:00.109179Z] test         probe= 221 status= 200 latency=0.105s
[2026-07-26T06:01:00.108735Z] internet     probe= 221 status= 200 latency=0.126s
[2026-07-26T06:01:01.109076Z] test         probe= 222 status= 200 latency=0.106s
[2026-07-26T06:01:01.108655Z] internet     probe= 222 status= 200 latency=0.115s
[2026-07-26T06:01:02.109081Z] test         probe= 223 status= 200 latency=0.105s
[2026-07-26T06:01:02.108775Z] internet     probe= 223 status= 200 latency=0.155s
[2026-07-26T06:01:03.108992Z] test         probe= 224 status= 200 latency=0.112s
[2026-07-26T06:01:03.108677Z] internet     probe= 224 status= 200 latency=0.116s
[2026-07-26T06:01:04.109126Z] test         probe= 225 status= 200 latency=0.105s
[2026-07-26T06:01:04.108775Z] internet     probe= 225 status= 200 latency=0.126s
[2026-07-26T06:01:05.108920Z] test         probe= 226 status= 200 latency=0.106s
[2026-07-26T06:01:05.108672Z] internet     probe= 226 status= 200 latency=0.116s
[2026-07-26T06:01:06.108865Z] test         probe= 227 status= 200 latency=0.105s
[2026-07-26T06:01:06.108647Z] internet     probe= 227 status= 200 latency=0.112s
[2026-07-26T06:01:07.110021Z] test         probe= 228 status= 200 latency=0.157s
[2026-07-26T06:01:07.108539Z] internet     probe= 228 status= 200 latency=0.161s
[2026-07-26T06:01:08.109260Z] test         probe= 229 status= 200 latency=0.105s
[2026-07-26T06:01:08.108836Z] internet     probe= 229 status= 200 latency=0.125s
[2026-07-26T06:01:09.109007Z] test         probe= 230 status= 200 latency=0.105s
[2026-07-26T06:01:09.108715Z] internet     probe= 230 status= 200 latency=0.120s
[2026-07-26T06:01:10.109349Z] test         probe= 231 status= 200 latency=0.105s
[2026-07-26T06:01:10.108953Z] internet     probe= 231 status= 200 latency=0.115s
[2026-07-26T06:01:11.109309Z] test         probe= 232 status= 200 latency=0.117s
[2026-07-26T06:01:11.108821Z] internet     probe= 232 status= 200 latency=0.133s
[2026-07-26T06:01:12.109205Z] test         probe= 233 status= 200 latency=0.105s
[2026-07-26T06:01:12.108790Z] internet     probe= 233 status= 200 latency=0.115s
[2026-07-26T06:01:13.109065Z] test         probe= 234 status= 200 latency=0.105s
[2026-07-26T06:01:13.108740Z] internet     probe= 234 status= 200 latency=0.117s
[2026-07-26T06:01:14.109330Z] test         probe= 235 status= 200 latency=0.106s
[2026-07-26T06:01:14.108822Z] internet     probe= 235 status= 200 latency=0.125s
[2026-07-26T06:01:15.109183Z] test         probe= 236 status= 200 latency=0.105s
[2026-07-26T06:01:15.108817Z] internet     probe= 236 status= 200 latency=0.122s
[2026-07-26T06:01:16.108989Z] test         probe= 237 status= 200 latency=0.105s
[2026-07-26T06:01:16.108727Z] internet     probe= 237 status= 200 latency=0.122s
[2026-07-26T06:01:17.109099Z] test         probe= 238 status= 200 latency=0.105s
[2026-07-26T06:01:17.108761Z] internet     probe= 238 status= 200 latency=0.118s
[2026-07-26T06:01:18.108989Z] test         probe= 239 status= 200 latency=0.105s
[2026-07-26T06:01:18.108672Z] internet     probe= 239 status= 200 latency=0.114s
[2026-07-26T06:01:19.109222Z] test         probe= 240 status= 200 latency=0.105s
[2026-07-26T06:01:19.108796Z] internet     probe= 240 status= 200 latency=0.118s

============================================================
Zone: internet
  Probes: 240  HTTP 200: 240  Non-200: 0
  DNS/TLS/Timeout: 0/0/0
  Availability: 100.0%  Status: PASS

Zone: test
  Probes: 240  HTTP 200: 240  Non-200: 0
  DNS/TLS/Timeout: 0/0/0
  Availability: 100.0%  Status: PASS

Overall: PASS
Summary: evidence/u1.3-ops-r5/availability-summary.json  CSV: evidence/u1.3-ops-r5/logs/16-availability-probe.csv
