============================================================
COMMAND START
UTC START TIMESTAMP: 2026-07-26T04:31:11Z
WORKING DIRECTORY: /root/aither-project
COMMAND: bash -c $'\nsource tests/e2e/.env.r3\nfingerprint_var() {\n    local name="$1"\n    local value="${!name-}"\n    if [ -z "$value" ]; then\n        printf "%s\\tSET=NO\\tLENGTH=0\\tSHA256=\\n" "$name"\n        return\n    fi\n    local length="${#value}"\n    local fingerprint\n    fingerprint="$(printf "%s" "$value" | sha256sum | awk \'{print $1}\')"\n    printf "%s\\tSET=YES\\tLENGTH=%s\\tSHA256=%s\\n" "$name" "$length" "$fingerprint"\n}\necho "=== R4 CREDENTIALS FINGERPRINTS ==="\nfor var in E2E_BETA01_USERNAME E2E_BETA01_PASSWORD E2E_BETA02_USERNAME E2E_BETA02_PASSWORD E2E_OWNER_USERNAME E2E_OWNER_PASSWORD; do\n    fingerprint_var "$var"\ndone\necho ""\necho "=== DISTINCTNESS CHECK ==="\nB1U=$(printf "%s" "$E2E_BETA01_USERNAME" | sha256sum | awk \'{print $1}\')\nB2U=$(printf "%s" "$E2E_BETA02_USERNAME" | sha256sum | awk \'{print $1}\')\nOU=$(printf "%s" "$E2E_OWNER_USERNAME" | sha256sum | awk \'{print $1}\')\necho "BETA01_USERNAME distinct from BETA02_USERNAME: $([ "$B1U" != "$B2U" ] && echo YES || echo NO)"\necho "BETA01_USERNAME distinct from OWNER_USERNAME: $([ "$B1U" != "$OU" ] && echo YES || echo NO)"\necho "BETA02_USERNAME distinct from OWNER_USERNAME: $([ "$B2U" != "$OU" ] && echo YES || echo NO)"\n'
------------------------------------------------------------
=== R4 CREDENTIALS FINGERPRINTS ===
E2E_BETA01_USERNAME	SET=YES	LENGTH=6	SHA256=a87e2a7fec189b6d1b739a68ea6364484ecbac142c4e54dad5e39262002534d4
E2E_BETA01_PASSWORD	SET=YES	LENGTH=11	SHA256=9bb020060ba7ee3b6fea3d3559a40dc6cc90f355b30337ba59c8b6a26e36800f
E2E_BETA02_USERNAME	SET=YES	LENGTH=6	SHA256=10f83446e484dae4877fc1703ba93cc37a7420736457230945cfa4e23178b2fe
E2E_BETA02_PASSWORD	SET=YES	LENGTH=11	SHA256=c37e4461ed8fc79ea27ee49f6819a6a672292edf06d14e72b5b1de6f14e1e807
E2E_OWNER_USERNAME	SET=YES	LENGTH=5	SHA256=8c6976e5b5410415bde908bd4dee15dfb167a9c873fc4bb8a81f6f2ab448a918
E2E_OWNER_PASSWORD	SET=YES	LENGTH=5	SHA256=8c6976e5b5410415bde908bd4dee15dfb167a9c873fc4bb8a81f6f2ab448a918

=== DISTINCTNESS CHECK ===
BETA01_USERNAME distinct from BETA02_USERNAME: YES
BETA01_USERNAME distinct from OWNER_USERNAME: YES
BETA02_USERNAME distinct from OWNER_USERNAME: YES
------------------------------------------------------------
EXIT_CODE=0
UTC END TIMESTAMP: 2026-07-26T04:31:11Z
DURATION_SECONDS=0
COMMAND END
============================================================
