============================================================
COMMAND START
UTC START TIMESTAMP: 2026-07-26T04:16:50Z
WORKING DIRECTORY: /root/aither-project
COMMAND: python -m pytest tests/e2e/test_r3_identities.py -vv --tb=long --capture=tee-sys --junitxml=evidence/u1.3-ops-r4/junit/targeted-track-a-before.xml
------------------------------------------------------------
============================= test session starts ==============================
platform linux -- Python 3.11.15, pytest-9.1.1, pluggy-1.6.0 -- /usr/local/lib/hermes-agent/venv/bin/python
cachedir: .pytest_cache
rootdir: /root/aither-project
plugins: httpx-0.36.2, base-url-2.1.0, playwright-0.8.0, anyio-4.12.1
collecting ... collected 10 items

tests/e2e/test_r3_identities.py::TestBETA01::test_full_scenario[Internet-https://fb1.spb.ru:443-chromium] PASSED [ 10%]
tests/e2e/test_r3_identities.py::TestBETA01::test_full_scenario[Internet-https://fb1.spb.ru:443-firefox] PASSED [ 20%]
tests/e2e/test_r3_identities.py::TestBETA01::test_full_scenario[Test Zone-http://10.129.13.78:30080-chromium] PASSED [ 30%]
tests/e2e/test_r3_identities.py::TestBETA01::test_full_scenario[Test Zone-http://10.129.13.78:30080-firefox] PASSED [ 40%]
tests/e2e/test_r3_identities.py::TestBETA02::test_isolation[Internet-https://fb1.spb.ru:443] PASSED [ 50%]
tests/e2e/test_r3_identities.py::TestBETA02::test_isolation[Test Zone-http://10.129.13.78:30080] PASSED [ 60%]
tests/e2e/test_r3_identities.py::TestOWNER01::test_rbac[Internet-https://fb1.spb.ru:443] PASSED [ 70%]
tests/e2e/test_r3_identities.py::TestOWNER01::test_rbac[Test Zone-http://10.129.13.78:30080] PASSED [ 80%]
tests/e2e/test_r3_identities.py::TestAgent::test_agent_api[Internet-https://fb1.spb.ru:443] PASSED [ 90%]
tests/e2e/test_r3_identities.py::TestAgent::test_agent_api[Test Zone-http://10.129.13.78:30080] PASSED [100%]

- generated xml file: /root/aither-project/evidence/u1.3-ops-r4/junit/targeted-track-a-before.xml -
======================== 10 passed in 223.42s (0:03:43) ========================
------------------------------------------------------------
EXIT_CODE=0
UTC END TIMESTAMP: 2026-07-26T04:20:34Z
DURATION_SECONDS=224
COMMAND END
============================================================
