Probe started: 2026-07-26T04:24:55.352434+00:00
Duration: 240s, Interval: 1s
Targets: [('internet', 'https://fb1.spb.ru/health'), ('test', 'http://10.129.13.78:30080/health')]

[2026-07-26T04:24:55.352957Z] test         probe=   1 status= 200 latency=0.109s
[2026-07-26T04:24:55.352747Z] internet     probe=   1 status= 200 latency=0.117s
[2026-07-26T04:24:56.353541Z] test         probe=   2 status= 200 latency=0.109s
[2026-07-26T04:24:56.353156Z] internet     probe=   2 status= 200 latency=0.129s
[2026-07-26T04:24:57.353675Z] test         probe=   3 status= 200 latency=0.107s
[2026-07-26T04:24:57.353178Z] internet     probe=   3 status= 200 latency=0.127s
[2026-07-26T04:24:58.353649Z] test         probe=   4 status= 200 latency=0.107s
[2026-07-26T04:24:58.353142Z] internet     probe=   4 status= 200 latency=0.118s
[2026-07-26T04:24:59.353559Z] test         probe=   5 status= 200 latency=0.107s
[2026-07-26T04:24:59.353118Z] internet     probe=   5 status= 200 latency=0.117s
[2026-07-26T04:25:00.353506Z] test         probe=   6 status= 200 latency=0.107s
[2026-07-26T04:25:00.353112Z] internet     probe=   6 status= 200 latency=0.117s
[2026-07-26T04:25:01.353481Z] test         probe=   7 status= 200 latency=0.107s
[2026-07-26T04:25:01.353110Z] internet     probe=   7 status= 200 latency=0.118s
[2026-07-26T04:25:02.353879Z] test         probe=   8 status= 200 latency=0.107s
[2026-07-26T04:25:02.353291Z] internet     probe=   8 status= 200 latency=0.126s
[2026-07-26T04:25:03.353651Z] test         probe=   9 status= 200 latency=0.120s
[2026-07-26T04:25:03.353142Z] internet     probe=   9 status= 200 latency=0.138s
[2026-07-26T04:25:04.353592Z] test         probe=  10 status= 200 latency=0.107s
[2026-07-26T04:25:04.353124Z] internet     probe=  10 status= 200 latency=0.126s
[2026-07-26T04:25:05.353799Z] test         probe=  11 status= 200 latency=0.107s
[2026-07-26T04:25:05.353254Z] internet     probe=  11 status= 200 latency=0.125s
[2026-07-26T04:25:06.353887Z] test         probe=  12 status= 200 latency=0.107s
[2026-07-26T04:25:06.353435Z] internet     probe=  12 status= 200 latency=0.128s
[2026-07-26T04:25:07.353290Z] test         probe=  13 status= 200 latency=0.106s
[2026-07-26T04:25:07.353052Z] internet     probe=  13 status= 200 latency=0.123s
[2026-07-26T04:25:08.353613Z] test         probe=  14 status= 200 latency=0.107s
[2026-07-26T04:25:08.353214Z] internet     probe=  14 status= 200 latency=0.124s
[2026-07-26T04:25:09.353493Z] test         probe=  15 status= 200 latency=0.107s
[2026-07-26T04:25:09.353184Z] internet     probe=  15 status= 200 latency=0.123s
[2026-07-26T04:25:10.353657Z] test         probe=  16 status= 200 latency=0.107s
[2026-07-26T04:25:10.353295Z] internet     probe=  16 status= 200 latency=0.117s
[2026-07-26T04:25:11.353601Z] test         probe=  17 status= 200 latency=0.107s
[2026-07-26T04:25:11.353191Z] internet     probe=  17 status= 200 latency=0.128s
[2026-07-26T04:25:12.353966Z] test         probe=  18 status= 200 latency=0.107s
[2026-07-26T04:25:12.353144Z] internet     probe=  18 status= 200 latency=0.120s
[2026-07-26T04:25:13.353719Z] test         probe=  19 status= 200 latency=0.120s
[2026-07-26T04:25:13.353209Z] internet     probe=  19 status= 200 latency=0.134s
[2026-07-26T04:25:14.353781Z] test         probe=  20 status= 200 latency=0.107s
[2026-07-26T04:25:14.353193Z] internet     probe=  20 status= 200 latency=0.124s
[2026-07-26T04:25:15.353501Z] test         probe=  21 status= 200 latency=0.107s
[2026-07-26T04:25:15.353024Z] internet     probe=  21 status= 200 latency=0.116s
[2026-07-26T04:25:16.353800Z] test         probe=  22 status= 200 latency=0.107s
[2026-07-26T04:25:16.353249Z] internet     probe=  22 status= 200 latency=0.124s
[2026-07-26T04:25:17.353498Z] test         probe=  23 status= 200 latency=0.107s
[2026-07-26T04:25:17.353133Z] internet     probe=  23 status= 200 latency=0.124s
[2026-07-26T04:25:18.353625Z] test         probe=  24 status= 200 latency=0.108s
[2026-07-26T04:25:18.353261Z] internet     probe=  24 status= 200 latency=0.125s
[2026-07-26T04:25:19.353726Z] test         probe=  25 status= 200 latency=0.108s
[2026-07-26T04:25:19.353312Z] internet     probe=  25 status= 200 latency=0.127s
[2026-07-26T04:25:20.353588Z] test         probe=  26 status= 200 latency=0.106s
[2026-07-26T04:25:20.353198Z] internet     probe=  26 status= 200 latency=0.122s
[2026-07-26T04:25:21.353532Z] test         probe=  27 status= 200 latency=0.107s
[2026-07-26T04:25:21.353162Z] internet     probe=  27 status= 200 latency=0.121s
[2026-07-26T04:25:22.353749Z] test         probe=  28 status= 200 latency=0.108s
[2026-07-26T04:25:22.353218Z] internet     probe=  28 status= 200 latency=0.125s
[2026-07-26T04:25:23.353627Z] test         probe=  29 status= 200 latency=0.108s
[2026-07-26T04:25:23.353269Z] internet     probe=  29 status= 200 latency=0.125s
[2026-07-26T04:25:24.353908Z] test         probe=  30 status= 200 latency=0.108s
[2026-07-26T04:25:24.353248Z] internet     probe=  30 status= 200 latency=0.141s
[2026-07-26T04:25:25.353829Z] test         probe=  31 status= 200 latency=0.107s
[2026-07-26T04:25:25.353350Z] internet     probe=  31 status= 200 latency=0.126s
[2026-07-26T04:25:26.353710Z] test         probe=  32 status= 200 latency=0.107s
[2026-07-26T04:25:26.353316Z] internet     probe=  32 status= 200 latency=0.119s
[2026-07-26T04:25:27.353560Z] test         probe=  33 status= 200 latency=0.107s
[2026-07-26T04:25:27.353135Z] internet     probe=  33 status= 200 latency=0.125s
[2026-07-26T04:25:28.353875Z] test         probe=  34 status= 200 latency=0.108s
[2026-07-26T04:25:28.353238Z] internet     probe=  34 status= 200 latency=0.127s
[2026-07-26T04:25:29.353307Z] test         probe=  35 status= 200 latency=0.107s
[2026-07-26T04:25:29.353084Z] internet     probe=  35 status= 200 latency=0.113s
[2026-07-26T04:25:30.353416Z] test         probe=  36 status= 200 latency=0.107s
[2026-07-26T04:25:30.353141Z] internet     probe=  36 status= 200 latency=0.124s
[2026-07-26T04:25:31.353853Z] test         probe=  37 status= 200 latency=0.108s
[2026-07-26T04:25:31.353438Z] internet     probe=  37 status= 200 latency=0.126s
[2026-07-26T04:25:32.353479Z] test         probe=  38 status= 200 latency=0.107s
[2026-07-26T04:25:32.353128Z] internet     probe=  38 status= 200 latency=0.117s
[2026-07-26T04:25:33.353314Z] test         probe=  39 status= 200 latency=0.107s
[2026-07-26T04:25:33.353014Z] internet     probe=  39 status= 200 latency=0.117s
[2026-07-26T04:25:34.354444Z] test         probe=  40 status= 200 latency=0.107s
[2026-07-26T04:25:34.353324Z] internet     probe=  40 status= 200 latency=0.121s
[2026-07-26T04:25:35.353652Z] test         probe=  41 status= 200 latency=0.106s
[2026-07-26T04:25:35.353240Z] internet     probe=  41 status= 200 latency=0.141s
[2026-07-26T04:25:36.353840Z] test         probe=  42 status= 200 latency=0.108s
[2026-07-26T04:25:36.353319Z] internet     probe=  42 status= 200 latency=0.126s
[2026-07-26T04:25:37.353742Z] test         probe=  43 status= 200 latency=0.107s
[2026-07-26T04:25:37.353266Z] internet     probe=  43 status= 200 latency=0.119s
[2026-07-26T04:25:38.353608Z] test         probe=  44 status= 200 latency=0.107s
[2026-07-26T04:25:38.353068Z] internet     probe=  44 status= 200 latency=0.120s
[2026-07-26T04:25:39.353719Z] test         probe=  45 status= 200 latency=0.107s
[2026-07-26T04:25:39.353257Z] internet     probe=  45 status= 200 latency=0.127s
[2026-07-26T04:25:40.353580Z] test         probe=  46 status= 200 latency=0.106s
[2026-07-26T04:25:40.353188Z] internet     probe=  46 status= 200 latency=0.126s
[2026-07-26T04:25:41.353507Z] test         probe=  47 status= 200 latency=0.107s
[2026-07-26T04:25:41.353113Z] internet     probe=  47 status= 200 latency=0.116s
[2026-07-26T04:25:42.353519Z] test         probe=  48 status= 200 latency=0.106s
[2026-07-26T04:25:42.353121Z] internet     probe=  48 status= 200 latency=0.123s
[2026-07-26T04:25:43.353553Z] test         probe=  49 status= 200 latency=0.107s
[2026-07-26T04:25:43.353109Z] internet     probe=  49 status= 200 latency=0.118s
[2026-07-26T04:25:44.353656Z] test         probe=  50 status= 200 latency=0.107s
[2026-07-26T04:25:44.353272Z] internet     probe=  50 status= 200 latency=0.124s
[2026-07-26T04:25:45.353590Z] test         probe=  51 status= 200 latency=0.107s
[2026-07-26T04:25:45.353108Z] internet     probe=  51 status= 200 latency=0.118s
[2026-07-26T04:25:46.353574Z] test         probe=  52 status= 200 latency=0.124s
[2026-07-26T04:25:46.353146Z] internet     probe=  52 status= 200 latency=0.141s
[2026-07-26T04:25:47.354074Z] test         probe=  53 status= 200 latency=0.108s
[2026-07-26T04:25:47.353271Z] internet     probe=  53 status= 200 latency=0.126s
[2026-07-26T04:25:48.353731Z] test         probe=  54 status= 200 latency=0.107s
[2026-07-26T04:25:48.353142Z] internet     probe=  54 status= 200 latency=0.117s
[2026-07-26T04:25:49.354043Z] test         probe=  55 status= 200 latency=0.108s
[2026-07-26T04:25:49.353487Z] internet     probe=  55 status= 200 latency=0.123s
[2026-07-26T04:25:50.353478Z] test         probe=  56 status= 200 latency=0.107s
[2026-07-26T04:25:50.353100Z] internet     probe=  56 status= 200 latency=0.127s
[2026-07-26T04:25:51.353410Z] test         probe=  57 status= 200 latency=0.107s
[2026-07-26T04:25:51.353111Z] internet     probe=  57 status= 200 latency=0.118s
[2026-07-26T04:25:52.353629Z] test         probe=  58 status= 200 latency=0.107s
[2026-07-26T04:25:52.353191Z] internet     probe=  58 status= 200 latency=0.122s
[2026-07-26T04:25:53.353445Z] test         probe=  59 status= 200 latency=0.107s
[2026-07-26T04:25:53.353112Z] internet     probe=  59 status= 200 latency=0.116s
[2026-07-26T04:25:54.353780Z] test         probe=  60 status= 200 latency=0.107s
[2026-07-26T04:25:54.353313Z] internet     probe=  60 status= 200 latency=0.116s
[2026-07-26T04:25:55.353466Z] test         probe=  61 status= 200 latency=0.107s
[2026-07-26T04:25:55.353130Z] internet     probe=  61 status= 200 latency=0.121s
[2026-07-26T04:25:56.353449Z] test         probe=  62 status= 200 latency=0.116s
[2026-07-26T04:25:56.353177Z] internet     probe=  62 status= 200 latency=0.130s
[2026-07-26T04:25:57.353700Z] test         probe=  63 status= 200 latency=0.106s
[2026-07-26T04:25:57.353294Z] internet     probe=  63 status= 200 latency=0.117s
[2026-07-26T04:25:58.353808Z] test         probe=  64 status= 200 latency=0.107s
[2026-07-26T04:25:58.353301Z] internet     probe=  64 status= 200 latency=0.126s
[2026-07-26T04:25:59.353781Z] test         probe=  65 status= 200 latency=0.107s
[2026-07-26T04:25:59.353314Z] internet     probe=  65 status= 200 latency=0.123s
[2026-07-26T04:26:00.353908Z] test         probe=  66 status= 200 latency=0.108s
[2026-07-26T04:26:00.353292Z] internet     probe=  66 status= 200 latency=0.124s
[2026-07-26T04:26:01.353565Z] test         probe=  67 status= 200 latency=0.108s
[2026-07-26T04:26:01.353056Z] internet     probe=  67 status= 200 latency=0.121s
[2026-07-26T04:26:02.353341Z] test         probe=  68 status= 200 latency=0.107s
[2026-07-26T04:26:02.353050Z] internet     probe=  68 status= 200 latency=0.114s
[2026-07-26T04:26:03.353685Z] test         probe=  69 status= 200 latency=0.107s
[2026-07-26T04:26:03.353232Z] internet     probe=  69 status= 200 latency=0.122s
[2026-07-26T04:26:04.353462Z] test         probe=  70 status= 200 latency=0.106s
[2026-07-26T04:26:04.353126Z] internet     probe=  70 status= 200 latency=0.124s
[2026-07-26T04:26:05.353668Z] test         probe=  71 status= 200 latency=0.106s
[2026-07-26T04:26:05.353267Z] internet     probe=  71 status= 200 latency=0.125s
[2026-07-26T04:26:06.353628Z] test         probe=  72 status= 200 latency=0.107s
[2026-07-26T04:26:06.353269Z] internet     probe=  72 status= 200 latency=0.125s
[2026-07-26T04:26:07.353590Z] test         probe=  73 status= 200 latency=0.117s
[2026-07-26T04:26:07.353188Z] internet     probe=  73 status= 200 latency=0.137s
[2026-07-26T04:26:08.353754Z] test         probe=  74 status= 200 latency=0.107s
[2026-07-26T04:26:08.353406Z] internet     probe=  74 status= 200 latency=0.125s
[2026-07-26T04:26:09.353801Z] test         probe=  75 status= 200 latency=0.107s
[2026-07-26T04:26:09.353135Z] internet     probe=  75 status= 200 latency=0.115s
[2026-07-26T04:26:10.353377Z] test         probe=  76 status= 200 latency=0.107s
[2026-07-26T04:26:10.353066Z] internet     probe=  76 status= 200 latency=0.115s
[2026-07-26T04:26:11.353693Z] test         probe=  77 status= 200 latency=0.108s
[2026-07-26T04:26:11.353202Z] internet     probe=  77 status= 200 latency=0.126s
[2026-07-26T04:26:12.353631Z] test         probe=  78 status= 200 latency=0.107s
[2026-07-26T04:26:12.353158Z] internet     probe=  78 status= 200 latency=0.118s
[2026-07-26T04:26:13.353593Z] test         probe=  79 status= 200 latency=0.107s
[2026-07-26T04:26:13.353225Z] internet     probe=  79 status= 200 latency=0.116s
[2026-07-26T04:26:14.353552Z] test         probe=  80 status= 200 latency=0.106s
[2026-07-26T04:26:14.353176Z] internet     probe=  80 status= 200 latency=0.117s
[2026-07-26T04:26:15.353705Z] test         probe=  81 status= 200 latency=0.108s
[2026-07-26T04:26:15.353160Z] internet     probe=  81 status= 200 latency=0.118s
[2026-07-26T04:26:16.353699Z] test         probe=  82 status= 200 latency=0.108s
[2026-07-26T04:26:16.353232Z] internet     probe=  82 status= 200 latency=0.125s
[2026-07-26T04:26:17.353506Z] test         probe=  83 status= 200 latency=0.120s
[2026-07-26T04:26:17.353122Z] internet     probe=  83 status= 200 latency=0.124s
[2026-07-26T04:26:18.353636Z] test         probe=  84 status= 200 latency=0.107s
[2026-07-26T04:26:18.353171Z] internet     probe=  84 status= 200 latency=0.122s
[2026-07-26T04:26:19.353486Z] test         probe=  85 status= 200 latency=0.107s
[2026-07-26T04:26:19.353124Z] internet     probe=  85 status= 200 latency=0.117s
[2026-07-26T04:26:20.353533Z] test         probe=  86 status= 200 latency=0.107s
[2026-07-26T04:26:20.353180Z] internet     probe=  86 status= 200 latency=0.119s
[2026-07-26T04:26:21.353833Z] test         probe=  87 status= 200 latency=0.107s
[2026-07-26T04:26:21.353303Z] internet     probe=  87 status= 200 latency=0.119s
[2026-07-26T04:26:22.353493Z] test         probe=  88 status= 200 latency=0.107s
[2026-07-26T04:26:22.353114Z] internet     probe=  88 status= 200 latency=0.116s
[2026-07-26T04:26:23.353636Z] test         probe=  89 status= 200 latency=0.107s
[2026-07-26T04:26:23.353155Z] internet     probe=  89 status= 200 latency=0.126s
[2026-07-26T04:26:24.353841Z] test         probe=  90 status= 200 latency=0.108s
[2026-07-26T04:26:24.353295Z] internet     probe=  90 status= 200 latency=0.128s
[2026-07-26T04:26:25.353764Z] test         probe=  91 status= 200 latency=0.107s
[2026-07-26T04:26:25.353273Z] internet     probe=  91 status= 200 latency=0.119s
[2026-07-26T04:26:26.353945Z] test         probe=  92 status= 200 latency=0.107s
[2026-07-26T04:26:26.353410Z] internet     probe=  92 status= 200 latency=0.118s
[2026-07-26T04:26:27.353822Z] test         probe=  93 status= 200 latency=0.107s
[2026-07-26T04:26:27.353272Z] internet     probe=  93 status= 200 latency=0.117s
[2026-07-26T04:26:28.353871Z] test         probe=  94 status= 200 latency=0.119s
[2026-07-26T04:26:28.353288Z] internet     probe=  94 status= 200 latency=0.143s
[2026-07-26T04:26:29.353695Z] test         probe=  95 status= 200 latency=0.108s
[2026-07-26T04:26:29.353323Z] internet     probe=  95 status= 200 latency=0.126s
[2026-07-26T04:26:30.353666Z] test         probe=  96 status= 200 latency=0.108s
[2026-07-26T04:26:30.353223Z] internet     probe=  96 status= 200 latency=0.127s
[2026-07-26T04:26:31.353748Z] test         probe=  97 status= 200 latency=0.108s
[2026-07-26T04:26:31.353183Z] internet     probe=  97 status= 200 latency=0.126s
[2026-07-26T04:26:32.353774Z] test         probe=  98 status= 200 latency=0.107s
[2026-07-26T04:26:32.353188Z] internet     probe=  98 status= 200 latency=0.125s
[2026-07-26T04:26:33.353685Z] test         probe=  99 status= 200 latency=0.107s
[2026-07-26T04:26:33.353147Z] internet     probe=  99 status= 200 latency=0.124s
[2026-07-26T04:26:34.353496Z] test         probe= 100 status= 200 latency=0.107s
[2026-07-26T04:26:34.353096Z] internet     probe= 100 status= 200 latency=0.118s
[2026-07-26T04:26:35.353328Z] test         probe= 101 status= 200 latency=0.107s
[2026-07-26T04:26:35.353089Z] internet     probe= 101 status= 200 latency=0.123s
[2026-07-26T04:26:36.354057Z] test         probe= 102 status= 200 latency=0.107s
[2026-07-26T04:26:36.353455Z] internet     probe= 102 status= 200 latency=0.126s
[2026-07-26T04:26:37.353623Z] test         probe= 103 status= 200 latency=0.107s
[2026-07-26T04:26:37.353177Z] internet     probe= 103 status= 200 latency=0.119s
[2026-07-26T04:26:38.353727Z] test         probe= 104 status= 200 latency=0.116s
[2026-07-26T04:26:38.353269Z] internet     probe= 104 status= 200 latency=0.131s
[2026-07-26T04:26:39.353755Z] test         probe= 105 status= 200 latency=0.107s
[2026-07-26T04:26:39.353190Z] internet     probe= 105 status= 200 latency=0.126s
[2026-07-26T04:26:40.353810Z] test         probe= 106 status= 200 latency=0.107s
[2026-07-26T04:26:40.353261Z] internet     probe= 106 status= 200 latency=0.126s
[2026-07-26T04:26:41.353512Z] test         probe= 107 status= 200 latency=0.107s
[2026-07-26T04:26:41.353126Z] internet     probe= 107 status= 200 latency=0.117s
[2026-07-26T04:26:42.353724Z] test         probe= 108 status= 200 latency=0.108s
[2026-07-26T04:26:42.353254Z] internet     probe= 108 status= 200 latency=0.122s
[2026-07-26T04:26:43.353591Z] test         probe= 109 status= 200 latency=0.107s
[2026-07-26T04:26:43.353131Z] internet     probe= 109 status= 200 latency=0.130s
[2026-07-26T04:26:44.353643Z] test         probe= 110 status= 200 latency=0.107s
[2026-07-26T04:26:44.353182Z] internet     probe= 110 status= 200 latency=0.118s
[2026-07-26T04:26:45.353641Z] test         probe= 111 status= 200 latency=0.107s
[2026-07-26T04:26:45.353274Z] internet     probe= 111 status= 200 latency=0.123s
[2026-07-26T04:26:46.353618Z] test         probe= 112 status= 200 latency=0.107s
[2026-07-26T04:26:46.353182Z] internet     probe= 112 status= 200 latency=0.127s
[2026-07-26T04:26:47.353572Z] test         probe= 113 status= 200 latency=0.107s
[2026-07-26T04:26:47.353180Z] internet     probe= 113 status= 200 latency=0.122s
[2026-07-26T04:26:48.353612Z] test         probe= 114 status= 200 latency=0.107s
[2026-07-26T04:26:48.353069Z] internet     probe= 114 status= 200 latency=0.117s
[2026-07-26T04:26:49.353713Z] test         probe= 115 status= 200 latency=0.117s
[2026-07-26T04:26:49.353194Z] internet     probe= 115 status= 200 latency=0.140s
[2026-07-26T04:26:50.353827Z] test         probe= 116 status= 200 latency=0.107s
[2026-07-26T04:26:50.353301Z] internet     probe= 116 status= 200 latency=0.123s
[2026-07-26T04:26:51.353778Z] test         probe= 117 status= 200 latency=0.108s
[2026-07-26T04:26:51.353282Z] internet     probe= 117 status= 200 latency=0.126s
[2026-07-26T04:26:52.353885Z] test         probe= 118 status= 200 latency=0.108s
[2026-07-26T04:26:52.353249Z] internet     probe= 118 status= 200 latency=0.124s
[2026-07-26T04:26:53.353951Z] test         probe= 119 status= 200 latency=0.107s
[2026-07-26T04:26:53.353480Z] internet     probe= 119 status= 200 latency=0.127s
[2026-07-26T04:26:54.353594Z] test         probe= 120 status= 200 latency=0.107s
[2026-07-26T04:26:54.353233Z] internet     probe= 120 status= 200 latency=0.116s
[2026-07-26T04:26:55.353865Z] test         probe= 121 status= 200 latency=0.108s
[2026-07-26T04:26:55.353301Z] internet     probe= 121 status= 200 latency=0.125s
[2026-07-26T04:26:56.354206Z] test         probe= 122 status= 200 latency=0.107s
[2026-07-26T04:26:56.353511Z] internet     probe= 122 status= 200 latency=0.127s
[2026-07-26T04:26:57.353542Z] test         probe= 123 status= 200 latency=0.106s
[2026-07-26T04:26:57.353169Z] internet     probe= 123 status= 200 latency=0.121s
[2026-07-26T04:26:58.353803Z] test         probe= 124 status= 200 latency=0.107s
[2026-07-26T04:26:58.353251Z] internet     probe= 124 status= 200 latency=0.124s
[2026-07-26T04:26:59.353746Z] test         probe= 125 status= 200 latency=0.114s
[2026-07-26T04:26:59.353234Z] internet     probe= 125 status= 200 latency=0.135s
[2026-07-26T04:27:00.354041Z] test         probe= 126 status= 200 latency=0.107s
[2026-07-26T04:27:00.353299Z] internet     probe= 126 status= 200 latency=0.126s
[2026-07-26T04:27:01.353552Z] test         probe= 127 status= 200 latency=0.107s
[2026-07-26T04:27:01.353081Z] internet     probe= 127 status= 200 latency=0.115s
[2026-07-26T04:27:02.353768Z] test         probe= 128 status= 200 latency=0.107s
[2026-07-26T04:27:02.353275Z] internet     probe= 128 status= 200 latency=0.129s
[2026-07-26T04:27:03.353556Z] test         probe= 129 status= 200 latency=0.106s
[2026-07-26T04:27:03.353164Z] internet     probe= 129 status= 200 latency=0.126s
[2026-07-26T04:27:04.353801Z] test         probe= 130 status= 200 latency=0.107s
[2026-07-26T04:27:04.353286Z] internet     probe= 130 status= 200 latency=0.128s
[2026-07-26T04:27:05.353663Z] test         probe= 131 status= 200 latency=0.107s
[2026-07-26T04:27:05.353229Z] internet     probe= 131 status= 200 latency=0.126s
[2026-07-26T04:27:06.353516Z] test         probe= 132 status= 200 latency=0.107s
[2026-07-26T04:27:06.353142Z] internet     probe= 132 status= 200 latency=0.121s
[2026-07-26T04:27:07.353636Z] test         probe= 133 status= 200 latency=0.107s
[2026-07-26T04:27:07.353157Z] internet     probe= 133 status= 200 latency=0.127s
[2026-07-26T04:27:08.353529Z] test         probe= 134 status= 200 latency=0.107s
[2026-07-26T04:27:08.353106Z] internet     probe= 134 status= 200 latency=0.125s
[2026-07-26T04:27:09.353729Z] test         probe= 135 status= 200 latency=0.107s
[2026-07-26T04:27:09.353218Z] internet     probe= 135 status= 200 latency=0.125s
[2026-07-26T04:27:10.353680Z] test         probe= 136 status= 200 latency=0.117s
[2026-07-26T04:27:10.353204Z] internet     probe= 136 status= 200 latency=0.141s
[2026-07-26T04:27:11.353930Z] test         probe= 137 status= 200 latency=0.108s
[2026-07-26T04:27:11.353306Z] internet     probe= 137 status= 200 latency=0.126s
[2026-07-26T04:27:12.353906Z] test         probe= 138 status= 200 latency=0.107s
[2026-07-26T04:27:12.353280Z] internet     probe= 138 status= 200 latency=0.129s
[2026-07-26T04:27:13.353776Z] test         probe= 139 status= 200 latency=0.107s
[2026-07-26T04:27:13.353255Z] internet     probe= 139 status= 200 latency=0.121s
[2026-07-26T04:27:14.353677Z] test         probe= 140 status= 200 latency=0.106s
[2026-07-26T04:27:14.353261Z] internet     probe= 140 status= 200 latency=0.115s
[2026-07-26T04:27:15.353737Z] test         probe= 141 status= 200 latency=0.108s
[2026-07-26T04:27:15.353316Z] internet     probe= 141 status= 200 latency=0.125s
[2026-07-26T04:27:16.353743Z] test         probe= 142 status= 200 latency=0.107s
[2026-07-26T04:27:16.353155Z] internet     probe= 142 status= 200 latency=0.125s
[2026-07-26T04:27:17.353918Z] test         probe= 143 status= 200 latency=0.107s
[2026-07-26T04:27:17.353265Z] internet     probe= 143 status= 200 latency=0.115s
[2026-07-26T04:27:18.353832Z] test         probe= 144 status= 200 latency=0.107s
[2026-07-26T04:27:18.353335Z] internet     probe= 144 status= 200 latency=0.126s
[2026-07-26T04:27:19.353672Z] test         probe= 145 status= 200 latency=0.107s
[2026-07-26T04:27:19.353245Z] internet     probe= 145 status= 200 latency=0.122s
[2026-07-26T04:27:20.353721Z] test         probe= 146 status= 200 latency=0.119s
[2026-07-26T04:27:20.353261Z] internet     probe= 146 status= 200 latency=0.130s
[2026-07-26T04:27:21.353683Z] test         probe= 147 status= 200 latency=0.107s
[2026-07-26T04:27:21.353222Z] internet     probe= 147 status= 200 latency=0.127s
[2026-07-26T04:27:22.353553Z] test         probe= 148 status= 200 latency=0.107s
[2026-07-26T04:27:22.353179Z] internet     probe= 148 status= 200 latency=0.126s
[2026-07-26T04:27:23.353768Z] test         probe= 149 status= 200 latency=0.107s
[2026-07-26T04:27:23.353257Z] internet     probe= 149 status= 200 latency=0.124s
[2026-07-26T04:27:24.353571Z] test         probe= 150 status= 200 latency=0.107s
[2026-07-26T04:27:24.353179Z] internet     probe= 150 status= 200 latency=0.118s
[2026-07-26T04:27:25.353872Z] test         probe= 151 status= 200 latency=0.107s
[2026-07-26T04:27:25.353329Z] internet     probe= 151 status= 200 latency=0.127s
[2026-07-26T04:27:26.353810Z] test         probe= 152 status= 200 latency=0.107s
[2026-07-26T04:27:26.353233Z] internet     probe= 152 status= 200 latency=0.125s
[2026-07-26T04:27:27.354684Z] test         probe= 153 status= 200 latency=0.107s
[2026-07-26T04:27:27.353349Z] internet     probe= 153 status= 200 latency=0.128s
[2026-07-26T04:27:28.353766Z] test         probe= 154 status= 200 latency=0.108s
[2026-07-26T04:27:28.353282Z] internet     probe= 154 status= 200 latency=0.126s
[2026-07-26T04:27:29.353532Z] test         probe= 155 status= 200 latency=0.108s
[2026-07-26T04:27:29.353147Z] internet     probe= 155 status= 200 latency=0.119s
[2026-07-26T04:27:30.353960Z] test         probe= 156 status= 200 latency=0.108s
[2026-07-26T04:27:30.353339Z] internet     probe= 156 status= 200 latency=0.122s
[2026-07-26T04:27:31.353281Z] test         probe= 157 status= 200 latency=0.107s
[2026-07-26T04:27:31.353056Z] internet     probe= 157 status= 200 latency=0.133s
[2026-07-26T04:27:32.353701Z] test         probe= 158 status= 200 latency=0.107s
[2026-07-26T04:27:32.353143Z] internet     probe= 158 status= 200 latency=0.119s
[2026-07-26T04:27:33.354069Z] test         probe= 159 status= 200 latency=0.107s
[2026-07-26T04:27:33.353698Z] internet     probe= 159 status= 200 latency=0.119s
[2026-07-26T04:27:34.353506Z] test         probe= 160 status= 200 latency=0.107s
[2026-07-26T04:27:34.353089Z] internet     probe= 160 status= 200 latency=0.116s
[2026-07-26T04:27:35.353631Z] test         probe= 161 status= 200 latency=0.107s
[2026-07-26T04:27:35.353190Z] internet     probe= 161 status= 200 latency=0.126s
[2026-07-26T04:27:36.353614Z] test         probe= 162 status= 200 latency=0.107s
[2026-07-26T04:27:36.353224Z] internet     probe= 162 status= 200 latency=0.124s
[2026-07-26T04:27:37.353610Z] test         probe= 163 status= 200 latency=0.107s
[2026-07-26T04:27:37.353214Z] internet     probe= 163 status= 200 latency=0.117s
[2026-07-26T04:27:38.353455Z] test         probe= 164 status= 200 latency=0.107s
[2026-07-26T04:27:38.353071Z] internet     probe= 164 status= 200 latency=0.116s
[2026-07-26T04:27:39.353753Z] test         probe= 165 status= 200 latency=0.107s
[2026-07-26T04:27:39.353269Z] internet     probe= 165 status= 200 latency=0.126s
[2026-07-26T04:27:40.353584Z] test         probe= 166 status= 200 latency=0.107s
[2026-07-26T04:27:40.353229Z] internet     probe= 166 status= 200 latency=0.118s
[2026-07-26T04:27:41.353646Z] test         probe= 167 status= 200 latency=0.107s
[2026-07-26T04:27:41.353265Z] internet     probe= 167 status= 200 latency=0.116s
[2026-07-26T04:27:42.353619Z] test         probe= 168 status= 200 latency=0.122s
[2026-07-26T04:27:42.353169Z] internet     probe= 168 status= 200 latency=0.134s
[2026-07-26T04:27:43.353585Z] test         probe= 169 status= 200 latency=0.107s
[2026-07-26T04:27:43.353148Z] internet     probe= 169 status= 200 latency=0.125s
[2026-07-26T04:27:44.353501Z] test         probe= 170 status= 200 latency=0.107s
[2026-07-26T04:27:44.353043Z] internet     probe= 170 status= 200 latency=0.115s
[2026-07-26T04:27:45.353998Z] test         probe= 171 status= 200 latency=0.107s
[2026-07-26T04:27:45.353346Z] internet     probe= 171 status= 200 latency=0.118s
[2026-07-26T04:27:46.353496Z] test         probe= 172 status= 200 latency=0.107s
[2026-07-26T04:27:46.353115Z] internet     probe= 172 status= 200 latency=0.117s
[2026-07-26T04:27:47.353696Z] test         probe= 173 status= 200 latency=0.107s
[2026-07-26T04:27:47.353181Z] internet     probe= 173 status= 200 latency=0.123s
[2026-07-26T04:27:48.353721Z] test         probe= 174 status= 200 latency=0.107s
[2026-07-26T04:27:48.353299Z] internet     probe= 174 status= 200 latency=0.117s
[2026-07-26T04:27:49.353623Z] test         probe= 175 status= 200 latency=0.106s
[2026-07-26T04:27:49.353270Z] internet     probe= 175 status= 200 latency=0.121s
[2026-07-26T04:27:50.353974Z] test         probe= 176 status= 200 latency=0.107s
[2026-07-26T04:27:50.353278Z] internet     probe= 176 status= 200 latency=0.127s
[2026-07-26T04:27:51.353563Z] test         probe= 177 status= 200 latency=0.107s
[2026-07-26T04:27:51.353214Z] internet     probe= 177 status= 200 latency=0.125s
[2026-07-26T04:27:52.353799Z] test         probe= 178 status= 200 latency=0.117s
[2026-07-26T04:27:52.353283Z] internet     probe= 178 status= 200 latency=0.134s
[2026-07-26T04:27:53.353629Z] test         probe= 179 status= 200 latency=0.107s
[2026-07-26T04:27:53.353189Z] internet     probe= 179 status= 200 latency=0.131s
[2026-07-26T04:27:54.353593Z] test         probe= 180 status= 200 latency=0.107s
[2026-07-26T04:27:54.353233Z] internet     probe= 180 status= 200 latency=0.117s
[2026-07-26T04:27:55.353770Z] test         probe= 181 status= 200 latency=0.107s
[2026-07-26T04:27:55.353237Z] internet     probe= 181 status= 200 latency=0.128s
[2026-07-26T04:27:56.353705Z] test         probe= 182 status= 200 latency=0.107s
[2026-07-26T04:27:56.353177Z] internet     probe= 182 status= 200 latency=0.122s
[2026-07-26T04:27:57.353576Z] test         probe= 183 status= 200 latency=0.109s
[2026-07-26T04:27:57.353128Z] internet     probe= 183 status= 200 latency=0.126s
[2026-07-26T04:27:58.353783Z] test         probe= 184 status= 200 latency=0.107s
[2026-07-26T04:27:58.353313Z] internet     probe= 184 status= 200 latency=0.125s
[2026-07-26T04:27:59.353645Z] test         probe= 185 status= 200 latency=0.107s
[2026-07-26T04:27:59.353181Z] internet     probe= 185 status= 200 latency=0.126s
[2026-07-26T04:28:00.353634Z] test         probe= 186 status= 200 latency=0.107s
[2026-07-26T04:28:00.353167Z] internet     probe= 186 status= 200 latency=0.121s
[2026-07-26T04:28:01.353696Z] test         probe= 187 status= 200 latency=0.106s
[2026-07-26T04:28:01.353160Z] internet     probe= 187 status= 200 latency=0.116s
[2026-07-26T04:28:02.353326Z] test         probe= 188 status= 200 latency=0.106s
[2026-07-26T04:28:02.353091Z] internet     probe= 188 status= 200 latency=0.115s
[2026-07-26T04:28:03.353701Z] test         probe= 189 status= 200 latency=0.114s
[2026-07-26T04:28:03.353230Z] internet     probe= 189 status= 200 latency=0.136s
[2026-07-26T04:28:04.353643Z] test         probe= 190 status= 200 latency=0.106s
[2026-07-26T04:28:04.353291Z] internet     probe= 190 status= 200 latency=0.124s
[2026-07-26T04:28:05.353830Z] test         probe= 191 status= 200 latency=0.107s
[2026-07-26T04:28:05.353338Z] internet     probe= 191 status= 200 latency=0.124s
[2026-07-26T04:28:06.353848Z] test         probe= 192 status= 200 latency=0.107s
[2026-07-26T04:28:06.353356Z] internet     probe= 192 status= 200 latency=0.127s
[2026-07-26T04:28:07.353712Z] test         probe= 193 status= 200 latency=0.107s
[2026-07-26T04:28:07.353240Z] internet     probe= 193 status= 200 latency=0.127s
[2026-07-26T04:28:08.353745Z] test         probe= 194 status= 200 latency=0.107s
[2026-07-26T04:28:08.353268Z] internet     probe= 194 status= 200 latency=0.124s
[2026-07-26T04:28:09.353816Z] test         probe= 195 status= 200 latency=0.111s
[2026-07-26T04:28:09.353328Z] internet     probe= 195 status= 200 latency=0.123s
[2026-07-26T04:28:10.353493Z] test         probe= 196 status= 200 latency=0.106s
[2026-07-26T04:28:10.353107Z] internet     probe= 196 status= 200 latency=0.124s
[2026-07-26T04:28:11.353552Z] test         probe= 197 status= 200 latency=0.108s
[2026-07-26T04:28:11.353169Z] internet     probe= 197 status= 200 latency=0.120s
[2026-07-26T04:28:12.353498Z] test         probe= 198 status= 200 latency=0.106s
[2026-07-26T04:28:12.353117Z] internet     probe= 198 status= 200 latency=0.121s
[2026-07-26T04:28:13.353629Z] test         probe= 199 status= 200 latency=0.117s
[2026-07-26T04:28:13.353234Z] internet     probe= 199 status= 200 latency=0.132s
[2026-07-26T04:28:14.353857Z] test         probe= 200 status= 200 latency=0.107s
[2026-07-26T04:28:14.353325Z] internet     probe= 200 status= 200 latency=0.124s
[2026-07-26T04:28:15.353439Z] test         probe= 201 status= 200 latency=0.107s
[2026-07-26T04:28:15.353123Z] internet     probe= 201 status= 200 latency=0.118s
[2026-07-26T04:28:16.353728Z] test         probe= 202 status= 200 latency=0.107s
[2026-07-26T04:28:16.353265Z] internet     probe= 202 status= 200 latency=0.133s
[2026-07-26T04:28:17.353884Z] test         probe= 203 status= 200 latency=0.107s
[2026-07-26T04:28:17.353268Z] internet     probe= 203 status= 200 latency=0.125s
[2026-07-26T04:28:18.353831Z] test         probe= 204 status= 200 latency=0.107s
[2026-07-26T04:28:18.353321Z] internet     probe= 204 status= 200 latency=0.124s
[2026-07-26T04:28:19.353550Z] test         probe= 205 status= 200 latency=0.106s
[2026-07-26T04:28:19.353183Z] internet     probe= 205 status= 200 latency=0.123s
[2026-07-26T04:28:20.353881Z] test         probe= 206 status= 200 latency=0.107s
[2026-07-26T04:28:20.353272Z] internet     probe= 206 status= 200 latency=0.126s
[2026-07-26T04:28:21.353838Z] test         probe= 207 status= 200 latency=0.107s
[2026-07-26T04:28:21.353316Z] internet     probe= 207 status= 200 latency=0.120s
[2026-07-26T04:28:22.353507Z] test         probe= 208 status= 200 latency=0.106s
[2026-07-26T04:28:22.353097Z] internet     probe= 208 status= 200 latency=0.127s
[2026-07-26T04:28:23.353515Z] test         probe= 209 status= 200 latency=0.107s
[2026-07-26T04:28:23.353181Z] internet     probe= 209 status= 200 latency=0.125s
[2026-07-26T04:28:24.353731Z] test         probe= 210 status= 200 latency=0.107s
[2026-07-26T04:28:24.353346Z] internet     probe= 210 status= 200 latency=0.139s
[2026-07-26T04:28:25.353835Z] test         probe= 211 status= 200 latency=0.106s
[2026-07-26T04:28:25.353222Z] internet     probe= 211 status= 200 latency=0.128s
[2026-07-26T04:28:26.353659Z] test         probe= 212 status= 200 latency=0.107s
[2026-07-26T04:28:26.353225Z] internet     probe= 212 status= 200 latency=0.120s
[2026-07-26T04:28:27.353833Z] test         probe= 213 status= 200 latency=0.107s
[2026-07-26T04:28:27.353294Z] internet     probe= 213 status= 200 latency=0.121s
[2026-07-26T04:28:28.353741Z] test         probe= 214 status= 200 latency=0.107s
[2026-07-26T04:28:28.353235Z] internet     probe= 214 status= 200 latency=0.127s
[2026-07-26T04:28:29.353446Z] test         probe= 215 status= 200 latency=0.107s
[2026-07-26T04:28:29.353100Z] internet     probe= 215 status= 200 latency=0.114s
[2026-07-26T04:28:30.353499Z] test         probe= 216 status= 200 latency=0.107s
[2026-07-26T04:28:30.353155Z] internet     probe= 216 status= 200 latency=0.113s
[2026-07-26T04:28:31.353726Z] test         probe= 217 status= 200 latency=0.110s
[2026-07-26T04:28:31.353243Z] internet     probe= 217 status= 200 latency=0.127s
[2026-07-26T04:28:32.353570Z] test         probe= 218 status= 200 latency=0.107s
[2026-07-26T04:28:32.353090Z] internet     probe= 218 status= 200 latency=0.118s
[2026-07-26T04:28:33.353637Z] test         probe= 219 status= 200 latency=0.107s
[2026-07-26T04:28:33.353202Z] internet     probe= 219 status= 200 latency=0.125s
[2026-07-26T04:28:34.353836Z] test         probe= 220 status= 200 latency=0.107s
[2026-07-26T04:28:34.353420Z] internet     probe= 220 status= 200 latency=0.127s
[2026-07-26T04:28:35.353595Z] test         probe= 221 status= 200 latency=0.122s
[2026-07-26T04:28:35.353250Z] internet     probe= 221 status= 200 latency=0.142s
[2026-07-26T04:28:36.353715Z] test         probe= 222 status= 200 latency=0.106s
[2026-07-26T04:28:36.353149Z] internet     probe= 222 status= 200 latency=0.122s
[2026-07-26T04:28:37.354018Z] test         probe= 223 status= 200 latency=0.107s
[2026-07-26T04:28:37.353515Z] internet     probe= 223 status= 200 latency=0.125s
[2026-07-26T04:28:38.353666Z] test         probe= 224 status= 200 latency=0.107s
[2026-07-26T04:28:38.353255Z] internet     probe= 224 status= 200 latency=0.125s
[2026-07-26T04:28:39.353863Z] test         probe= 225 status= 200 latency=0.108s
[2026-07-26T04:28:39.353341Z] internet     probe= 225 status= 200 latency=0.123s
[2026-07-26T04:28:40.353656Z] test         probe= 226 status= 200 latency=0.107s
[2026-07-26T04:28:40.353219Z] internet     probe= 226 status= 200 latency=0.124s
[2026-07-26T04:28:41.353889Z] test         probe= 227 status= 200 latency=0.108s
[2026-07-26T04:28:41.353340Z] internet     probe= 227 status= 200 latency=0.121s
[2026-07-26T04:28:42.353628Z] test         probe= 228 status= 200 latency=0.108s
[2026-07-26T04:28:42.353213Z] internet     probe= 228 status= 200 latency=0.119s
[2026-07-26T04:28:43.353780Z] test         probe= 229 status= 200 latency=0.107s
[2026-07-26T04:28:43.353251Z] internet     probe= 229 status= 200 latency=0.127s
[2026-07-26T04:28:44.354090Z] test         probe= 230 status= 200 latency=0.108s
[2026-07-26T04:28:44.353338Z] internet     probe= 230 status= 200 latency=0.127s
[2026-07-26T04:28:45.353866Z] test         probe= 231 status= 200 latency=0.118s
[2026-07-26T04:28:45.353330Z] internet     probe= 231 status= 200 latency=0.125s
[2026-07-26T04:28:46.353709Z] test         probe= 232 status= 200 latency=0.107s
[2026-07-26T04:28:46.353131Z] internet     probe= 232 status= 200 latency=0.125s
[2026-07-26T04:28:47.353858Z] test         probe= 233 status= 200 latency=0.107s
[2026-07-26T04:28:47.353404Z] internet     probe= 233 status= 200 latency=0.118s
[2026-07-26T04:28:48.353936Z] test         probe= 234 status= 200 latency=0.107s
[2026-07-26T04:28:48.353420Z] internet     probe= 234 status= 200 latency=0.126s
[2026-07-26T04:28:49.353738Z] test         probe= 235 status= 200 latency=0.107s
[2026-07-26T04:28:49.353302Z] internet     probe= 235 status= 200 latency=0.126s
[2026-07-26T04:28:50.353586Z] test         probe= 236 status= 200 latency=0.107s
[2026-07-26T04:28:50.353166Z] internet     probe= 236 status= 200 latency=0.119s
[2026-07-26T04:28:51.353621Z] test         probe= 237 status= 200 latency=0.106s
[2026-07-26T04:28:51.353214Z] internet     probe= 237 status= 200 latency=0.127s
[2026-07-26T04:28:52.353576Z] test         probe= 238 status= 200 latency=0.107s
[2026-07-26T04:28:52.353173Z] internet     probe= 238 status= 200 latency=0.126s
[2026-07-26T04:28:53.353873Z] test         probe= 239 status= 200 latency=0.107s
[2026-07-26T04:28:53.353276Z] internet     probe= 239 status= 200 latency=0.126s
[2026-07-26T04:28:54.353901Z] test         probe= 240 status= 200 latency=0.108s
[2026-07-26T04:28:54.353286Z] internet     probe= 240 status= 200 latency=0.126s

============================================================
Zone: internet
  Probes: 240  HTTP 200: 240  Non-200: 0
  DNS/TLS/Timeout: 0/0/0
  Availability: 100.0%  Status: PASS

Zone: test
  Probes: 240  HTTP 200: 240  Non-200: 0
  DNS/TLS/Timeout: 0/0/0
  Availability: 100.0%  Status: PASS

Overall: PASS
Summary: evidence/u1.3-ops-r4/availability-summary.json  CSV: evidence/u1.3-ops-r4/logs/13-availability-probe.csv
