============================================================
COMMAND START
UTC START TIMESTAMP: 2026-07-26T05:17:09Z
WORKING DIRECTORY: /root/aither-project
COMMAND: bash -c $'\necho "=== JOBS ===" && jobs -l\necho "=== GIT STATUS ===" && git status --porcelain\necho "=== BRANCH ===" && git branch --show-current\necho "=== LOCAL HEAD ===" && git rev-parse HEAD\necho "=== ORIGIN HEAD ===" && git rev-parse origin/aither-v2\necho "=== MATCH ===" && test "$(git rev-parse HEAD)" = "$(git rev-parse origin/aither-v2)" && echo YES || echo NO\n'
------------------------------------------------------------
=== JOBS ===
=== GIT STATUS ===
?? evidence/u1.3-ops-r4/
=== BRANCH ===
aither-v2
=== LOCAL HEAD ===
b8d592cfee5b7ddb2fd8ce5f70075422b5d66239
=== ORIGIN HEAD ===
b8d592cfee5b7ddb2fd8ce5f70075422b5d66239
=== MATCH ===
YES
------------------------------------------------------------
EXIT_CODE=0
UTC END TIMESTAMP: 2026-07-26T05:17:09Z
DURATION_SECONDS=0
COMMAND END
============================================================
