=== 60-min Endurance Test ===
Start: 2026-07-19T19:09:52+00:00
Target: 3600s
  2026-07-19T19:24:52+00:00: elapsed=900s 14B=81/81 32B=81/81 GW=16/16
  2026-07-19T19:39:52+00:00: elapsed=1800s 14B=164/164 32B=164/164 GW=32/32
  2026-07-19T19:47:52+00:00: elapsed=2280s 14B=208/208 32B=208/208 GW=41/41
  2026-07-19T19:51:52+00:00: elapsed=2520s 14B=230/230 32B=230/230 GW=46/46
  2026-07-19T20:08:52+00:00: elapsed=3540s 14B=324/324 32B=324/324 GW=64/64

==========================================
= RESULTS
  Duration: 3607s (target 3600s)

--- 14B Chat ---
  Requests: 330
  OK: 330 ("100%"
  FAIL: 0

--- 32B Completion ---
  Requests: 330
  OK: 330 ("100%"
  FAIL: 0

--- Gateway Completion ---
  Requests: 66
  OK: 66 ("100%"
  FAIL: 0

  Conclusion: PASSED
==========================================
=== 60-min Endurance Test ===
Start: 2026-07-19T19:09:52+00:00
Target: 3600s
  2026-07-19T19:24:52+00:00: elapsed=900s 14B=81/81 32B=81/81 GW=16/16
  2026-07-19T19:39:52+00:00: elapsed=1800s 14B=164/164 32B=164/164 GW=32/32
  2026-07-19T19:47:52+00:00: elapsed=2280s 14B=208/208 32B=208/208 GW=41/41
  2026-07-19T19:51:52+00:00: elapsed=2520s 14B=230/230 32B=230/230 GW=46/46
  2026-07-19T20:08:52+00:00: elapsed=3540s 14B=324/324 32B=324/324 GW=64/64

==========================================
= RESULTS
  Duration: 3607s (target 3600s)

--- 14B Chat ---
  Requests: 330
  OK: 330 ("100%"
  FAIL: 0

--- 32B Completion ---
  Requests: 330
  OK: 330 ("100%"
  FAIL: 0

--- Gateway Completion ---
  Requests: 66
  OK: 66 ("100%"
  FAIL: 0

  Conclusion: PASSED
==========================================