COMMAND START
UTC TIMESTAMP: 2026-07-26T01:28:59Z

=== gitleaks check ===
gitleaks not installed — using grep fallback

=== grep scan for sensitive patterns ===
docs/api-reference.md:6:**Аутентификация:** `Authorization: Bearer ak-...`
docs/closed-beta/cb-01/04_ACCESS_PROVISIONING.md:13:raw_secret = secrets.token_urlsafe(48)
docs/closed-beta/cb-01/05_USER_ONBOARDING.md:18:**Authentication:** Bearer token (API key) in `Authorization` header:
docs/closed-beta/cb-01/05_USER_ONBOARDING.md:20:Authorization: Bearer aither_XXXXXXXX_<secret>
docs/closed-beta/cb-01/05_USER_ONBOARDING.md:38:  -H "Authorization: Bearer YOUR_KEY"
docs/closed-beta/cb-01/05_USER_ONBOARDING.md:42:  -H "Authorization: Bearer YOUR_KEY" \
docs/closed-beta/cb-01/05_USER_ONBOARDING.md:48:  -H "Authorization: Bearer YOUR_KEY" \
docs/diagrams/architecture.dot:78:    api_client -> nginx [label="HTTPS\nBearer API-Key"];
docs/diagrams/architecture.svg:81:<text text-anchor="middle" x="225" y="-719.3" font-family="Arial" font-size="14.00">Bearer API&#45;Key</text>
docs/user-package/15_DUAL_ZONE_ACCESS_GUIDE.md:74:  -H "Authorization: Bearer athr_..."
docs/user-package/15_DUAL_ZONE_ACCESS_GUIDE.md:109:  -H "Authorization: Bearer athr_..."
docs/user-package/04_API_GUIDE.md:26:| **Метод аутентификации** | Bearer token (API Key) |
docs/user-package/04_API_GUIDE.md:49:-H "Authorization: Bearer athr_..."
docs/user-package/04_API_GUIDE.md:54:headers = {"Authorization": "Bearer athr_..."}
docs/user-package/16_AI_AGENT_CONNECTION_PRIMER.md:204:    api_key="athr_...",
docs/user-package/16_AI_AGENT_CONNECTION_PRIMER.md:229:    api_key=os.environ["AITHER_API_KEY"],
docs/user-package/16_AI_AGENT_CONNECTION_PRIMER.md:244:  -H "Authorization: Bearer athr_..."
docs/user-package/16_AI_AGENT_CONNECTION_PRIMER.md:255:    api_key="athr_...",
docs/user-package/16_AI_AGENT_CONNECTION_PRIMER.md:296:3. Проверьте формат: `Authorization: Bearer athr_...` (не забудьте `Bearer`!)
docs/user-package/14_API_KEY_USER_GUIDE.md:97:  -H "Authorization: Bearer athr_..." \
EXIT_CODE=141

=== Manual review of matches ===
Secrets use secretKeyRef; .env.example uses change-me placeholders
Portal HTML contains athr_... as user documentation examples (not real keys)
